Component: ARM Compiler 5.05 update 1 (build 106) Tool: armlink [4d0efa]

==============================================================================

Section Cross References

    main.o(.text) refers to _printf_percent.o(.ARM.Collect$$_printf_percent$$00000000) for _printf_percent
    main.o(.text) refers to _printf_d.o(.ARM.Collect$$_printf_percent$$00000009) for _printf_d
    main.o(.text) refers to _printf_f.o(.ARM.Collect$$_printf_percent$$00000003) for _printf_f
    main.o(.text) refers to _printf_dec.o(.text) for _printf_int_dec
    main.o(.text) refers to printf1.o(x$fpl$printf1) for _printf_fp_dec
    main.o(.text) refers to lcd_3.5tft.o(.text) for LCD_SetColor
    main.o(.text) refers to f2d.o(x$fpl$f2d) for __aeabi_f2d
    main.o(.text) refers to noretval__2sprintf.o(.text) for __2sprintf
    main.o(.text) refers to dflt_clz.o(x$fpl$dfltu) for __aeabi_ui2d
    main.o(.text) refers to dmul.o(x$fpl$dmul) for __aeabi_dmul
    main.o(.text) refers to daddsub_clz.o(x$fpl$drsb) for __aeabi_drsub
    main.o(.text) refers to dfixu.o(x$fpl$dfixu) for __aeabi_d2uiz
    main.o(.text) refers to misc.o(.text) for NVIC_PriorityGroupConfig
    main.o(.text) refers to delay.o(.text) for delay_init
    main.o(.text) refers to usart.o(.text) for uart_init
    main.o(.text) refers to led.o(.text) for LED_Init
    main.o(.text) refers to ble_key.o(.text) for KEY_Broad_Init
    main.o(.text) refers to adc.o(.text) for My_ADC_IO_Init
    main.o(.text) refers to dma.o(.text) for My_DMA_Init
    main.o(.text) refers to timer.o(.text) for TIM3_Int_Init
    main.o(.text) refers to arm_cfft_radix4_init_f32.o(.text) for arm_cfft_radix4_init_f32
    main.o(.text) refers to stm32f4xx_tim.o(.text) for TIM_SetCounter
    main.o(.text) refers to arm_cfft_radix4_f32.o(.text) for arm_cfft_radix4_f32
    main.o(.text) refers to arm_cmplx_mag_f32.o(.text) for arm_cmplx_mag_f32
    main.o(.text) refers to dma.o(.bss) for ADC_ConvertedValue
    main.o(.text) refers to main.o(.bss) for fft_outputbuf
    main.o(.text) refers to main.o(.data) for hc
    system_stm32f4xx.o(.text) refers to system_stm32f4xx.o(.data) for SystemCoreClock
    led.o(.text) refers to stm32f4xx_rcc.o(.text) for RCC_AHB1PeriphClockCmd
    led.o(.text) refers to stm32f4xx_gpio.o(.text) for GPIO_Init
    timer.o(.text) refers to stm32f4xx_rcc.o(.text) for RCC_APB1PeriphClockCmd
    timer.o(.text) refers to stm32f4xx_tim.o(.text) for TIM_TimeBaseInit
    timer.o(.text) refers to misc.o(.text) for NVIC_Init
    timer.o(.text) refers to main.o(.data) for timeout
    ble_key.o(.text) refers to stm32f4xx_rcc.o(.text) for RCC_AHB1PeriphClockCmd
    ble_key.o(.text) refers to stm32f4xx_gpio.o(.text) for GPIO_Init
    ble_key.o(.text) refers to delay.o(.text) for delay_ms
    ble_key.o(.text) refers to lcd_3.5tft.o(.text) for LCD_DisplayNumber
    lcd_3.5tft.o(.text) refers to _printf_percent.o(.ARM.Collect$$_printf_percent$$00000000) for _printf_percent
    lcd_3.5tft.o(.text) refers to _printf_x.o(.ARM.Collect$$_printf_percent$$0000000C) for _printf_x
    lcd_3.5tft.o(.text) refers to _printf_hex_int.o(.text) for _printf_longlong_hex
    lcd_3.5tft.o(.text) refers to stm32f4xx_rcc.o(.text) for RCC_AHB1PeriphClockCmd
    lcd_3.5tft.o(.text) refers to stm32f4xx_gpio.o(.text) for GPIO_Init
    lcd_3.5tft.o(.text) refers to stm32f4xx_fsmc.o(.text) for FSMC_NORSRAMInit
    lcd_3.5tft.o(.text) refers to lcd_3.5tft.o(.bss) for LCD
    lcd_3.5tft.o(.text) refers to noretval__2printf.o(.text) for __2printf
    lcd_3.5tft.o(.text) refers to delay.o(.text) for delay_ms
    lcd_3.5tft.o(.text) refers to lcd_3.5tft.o(.data) for LCD_Fonts
    lcd_3.5tft.o(.text) refers to lcd_fonts.o(.data) for Font24
    lcd_fonts.o(.data) refers to lcd_fonts.o(.constdata) for ASCII_3216_Table
    adc.o(.text) refers to stm32f4xx_rcc.o(.text) for RCC_AHB1PeriphClockCmd
    adc.o(.text) refers to stm32f4xx_gpio.o(.text) for GPIO_Init
    adc.o(.text) refers to stm32f4xx_adc.o(.text) for ADC_CommonInit
    dac.o(.text) refers to stm32f4xx_rcc.o(.text) for RCC_AHB1PeriphClockCmd
    dac.o(.text) refers to stm32f4xx_gpio.o(.text) for GPIO_Init
    dac.o(.text) refers to stm32f4xx_dac.o(.text) for DAC_Init
    dac.o(.text) refers to dflt_clz.o(x$fpl$dfltu) for __aeabi_ui2d
    dac.o(.text) refers to ddiv.o(x$fpl$ddiv) for __aeabi_ddiv
    dac.o(.text) refers to dmul.o(x$fpl$dmul) for __aeabi_dmul
    dac.o(.text) refers to dfixu.o(x$fpl$dfixu) for __aeabi_d2uiz
    dma.o(.text) refers to stm32f4xx_rcc.o(.text) for RCC_AHB1PeriphClockCmd
    dma.o(.text) refers to stm32f4xx_dma.o(.text) for DMA_Init
    dma.o(.text) refers to dma.o(.bss) for ADC_ConvertedValue
    delay.o(.text) refers to misc.o(.text) for SysTick_CLKSourceConfig
    delay.o(.text) refers to delay.o(.data) for fac_us
    usart.o(.rev16_text) refers (Special) to use_no_semi_2.o(.text) for __use_no_semihosting
    usart.o(.revsh_text) refers (Special) to use_no_semi_2.o(.text) for __use_no_semihosting
[...]
    .text                                    0x08004f78   Section        0  noretval__2sprintf.o(.text)
    .text                                    0x08004fa0   Section        0  _printf_dec.o(.text)
    .text                                    0x08005018   Section        0  _printf_hex_int.o(.text)
    .text                                    0x08005070   Section        0  __printf_flags_wp.o(.text)
    .text                                    0x080051a8   Section        0  heapauxi.o(.text)
    .text                                    0x080051ae   Section        2  use_no_semi.o(.text)
    .text                                    0x080051b0   Section        0  _printf_intcommon.o(.text)
    .text                                    0x08005262   Section        0  _printf_fp_dec.o(.text)
    _fp_digits                               0x08005265   Thumb Code   428  _printf_fp_dec.o(.text)
    .text                                    0x0800567c   Section        0  _printf_char_common.o(.text)
    _printf_input_char                       0x0800567d   Thumb Code    10  _printf_char_common.o(.text)
    .text                                    0x080056ac   Section        0  _sputc.o(.text)
    .text                                    0x080056b8   Section        0  _printf_char_file.o(.text)
    .text                                    0x080056dc   Section        8  rt_locale_intlibspace.o(.text)
    .text                                    0x080056e4   Section      138  lludiv10.o(.text)
    .text                                    0x08005770   Section        0  _printf_fp_infnan.o(.text)
    .text                                    0x080057f0   Section        0  bigflt0.o(.text)
    .text                                    0x080058cc   Section        0  ferror.o(.text)
    .text                                    0x080058d4   Section        8  libspace.o(.text)
    .text                                    0x080058dc   Section       74  sys_stackheap_outer.o(.text)
    .text                                    0x08005926   Section        0  exit.o(.text)
    .text                                    0x08005934   Section      128  strcmpv7m.o(.text)
    CL$$btod_d2e                             0x080059b4   Section       62  btod.o(CL$$btod_d2e)
    CL$$btod_d2e_denorm_low                  0x080059f2   Section       70  btod.o(CL$$btod_d2e_denorm_low)
    CL$$btod_d2e_norm_op1                    0x08005a38   Section       96  btod.o(CL$$btod_d2e_norm_op1)
    CL$$btod_div_common                      0x08005a98   Section      824  btod.o(CL$$btod_div_common)
    CL$$btod_e2e                             0x08005dd0   Section      198  btod.o(CL$$btod_e2e)
    CL$$btod_ediv                            0x08005e96   Section       40  btod.o(CL$$btod_ediv)
    CL$$btod_emul                            0x08005ebe   Section       40  btod.o(CL$$btod_emul)
    CL$$btod_mult_common                     0x08005ee6   Section      580  btod.o(CL$$btod_mult_common)
    i.__ARM_fpclassify                       0x0800612a   Section        0  fpclassify.o(i.__ARM_fpclassify)
    i._is_digit                              0x0800615a   Section        0  __printf_wp.o(i._is_digit)
    locale$$code                             0x08006168   Section       44  lc_numeric_c.o(locale$$code)
    x$fpl$dadd                               0x08006194   Section      336  daddsub_clz.o(x$fpl$dadd)
    $v0                                      0x08006194   Number         0  daddsub_clz.o(x$fpl$dadd)
    _dadd1                                   0x080061a5   Thumb Code     0  daddsub_clz.o(x$fpl$dadd)
    x$fpl$dfixu                              0x080062e4   Section       90  dfixu.o(x$fpl$dfixu)
    $v0                                      0x080062e4   Number         0  dfixu.o(x$fpl$dfixu)
    x$fpl$dfltu                              0x0800633e   Section       38  dflt_clz.o(x$fpl$dfltu)
    $v0                                      0x0800633e   Number         0  dflt_clz.o(x$fpl$dfltu)
    x$fpl$dmul                               0x08006364   Section      340  dmul.o(x$fpl$dmul)
    $v0                                      0x08006364   Number         0  dmul.o(x$fpl$dmul)
    x$fpl$dnaninf                            0x080064b8   Section      156  dnaninf.o(x$fpl$dnaninf)
    $v0                                      0x080064b8   Number         0  dnaninf.o(x$fpl$dnaninf)
    x$fpl$dretinf                            0x08006554   Section       12  dretinf.o(x$fpl$dretinf)
    $v0                                      0x08006554   Number         0  dretinf.o(x$fpl$dretinf)
    x$fpl$drsb                               0x08006560   Section       22  daddsub_clz.o(x$fpl$drsb)
    $v0                                      0x08006560   Number         0  daddsub_clz.o(x$fpl$drsb)
    x$fpl$dsub                               0x08006578   Section      468  daddsub_clz.o(x$fpl$dsub)
    $v0                                      0x08006578   Number         0  daddsub_clz.o(x$fpl$dsub)
    _dsub1                                   0x08006589   Thumb Code     0  daddsub_clz.o(x$fpl$dsub)
    x$fpl$f2d                                0x0800674c   Section       86  f2d.o(x$fpl$f2d)
    $v0                                      0x0800674c   Number         0  f2d.o(x$fpl$f2d)
    x$fpl$fnaninf                            0x080067a2   Section      140  fnaninf.o(x$fpl$fnaninf)
    $v0                                      0x080067a2   Number         0  fnaninf.o(x$fpl$fnaninf)
    x$fpl$fpinit                             0x0800682e   Section       10  fpinit.o(x$fpl$fpinit)
    $v0                                      0x0800682e   Number         0  fpinit.o(x$fpl$fpinit)
    x$fpl$printf1                            0x08006838   Section        4  printf1.o(x$fpl$printf1)
    $v0                                      0x08006838   Number         0  printf1.o(x$fpl$printf1)
    .constdata                               0x0800683c   Section    17612  lcd_fonts.o(.constdata)
    x$fpl$usenofp                            0x0800683c   Section        0  usenofp.o(x$fpl$usenofp)
    .constdata                               0x0800ad08   Section       28  stm32f4xx_fsmc.o(.constdata)
    .constdata                               0x0800ad24   Section     2048  arm_common_tables.o(.constdata)
    .constdata                               0x0800b524   Section    32768  arm_common_tables.o(.constdata)
    .constdata                               0x08013524   Section       40  _printf_hex_int.o(.constdata)
    uc_hextab                                0x08013524   Data          20  _printf_hex_int.o(.constdata)
    lc_hextab                                0x08013538   Data          20  _printf_hex_int.o(.constdata)
    .constdata                               0x0801354c   Section       17  __printf_flags_wp.o(.constdata)
    maptable                                 0x0801354c   Data          17  __printf_flags_wp.o(.constdata)
    .constdata                               0x08013560   Section      148  bigflt0.o(.constdata)
    tenpwrs_x                                0x08013560   Data          60  bigflt0.o(.constdata)
    tenpwrs_i                                0x0801359c   Data          64  bigflt0.o(.constdata)
    locale$$data                             0x08013614   Section       28  lc_numeric_c.o(locale$$data)
    __lcnum_c_name                           0x08013618   Data           2  lc_numeric_c.o(locale$$data)
    __lcnum_c_start                          0x08013620   Data           0  lc_numeric_c.o(locale$$data)
    __lcnum_c_point                          0x0801362c   Data           0  lc_numeric_c.o(locale$$data)
    __lcnum_c_thousands                      0x0801362e   Data           0  lc_numeric_c.o(locale$$data)
    __lcnum_c_grouping                       0x0801362f   Data           0  lc_numeric_c.o(locale$$data)
    __lcnum_c_end                            0x08013630   Data           0  lc_numeric_c.o(locale$$data)
    .data                                    0x20000000   Section        4  main.o(.data)
    .data                                    0x20000004   Section       20  system_stm32f4xx.o(.data)
    .data                                    0x20000018   Section        4  lcd_3.5tft.o(.data)
    LCD_Fonts                                0x20000018   Data           4  lcd_3.5tft.o(.data)
    .data                                    0x2000001c   Section       72  lcd_fonts.o(.data)
    .data                                    0x20000064   Section        4  delay.o(.data)
    fac_us                                   0x20000064   Data           1  delay.o(.data)
    fac_ms                                   0x20000066   Data           2  delay.o(.data)
    .data                                    0x20000068   Section        6  usart.o(.data)
    .data                                    0x2000006e   Section       16  stm32f4xx_rcc.o(.data)
    APBAHBPrescTable                         0x2000006e   Data          16  stm32f4xx_rcc.o(.data)
    .bss                                     0x20000080   Section    49152  main.o(.bss)
    .bss                                     0x2000c080   Section       20  lcd_3.5tft.o(.bss)
    .bss                                     0x2000c094   Section     8192  dma.o(.bss)
    .bss                                     0x2000e094   Section      200  usart.o(.bss)
    .bss                                     0x2000e15c   Section       96  libspace.o(.bss)
    HEAP                                     0x2000e1c0   Section      512  startup_stm32f40_41xxx.o(HEAP)
    Heap_Mem                                 0x2000e1c0   Data         512  startup_stm32f40_41xxx.o(HEAP)
    STACK                                    0x2000e3c0   Section     1024  startup_stm32f40_41xxx.o(STACK)
    Stack_Mem                                0x2000e3c0   Data        1024  startup_stm32f40_41xxx.o(STACK)
    __initial_sp                             0x2000e7c0   Data           0  startup_stm32f40_41xxx.o(STACK)

    Global Symbols

    Symbol Name                              Value     Ov Type        Size  Object(Section)

    BuildAttributes$$THM_ISAv4$E$P$D$K$B$S$7EM$VFPi3$EXTD16$VFPS$VFMA$PE$A:L22UL41UL21$X:L11$S22US41US21$IEEE1$IW$USESV6$~STKCKD$USESV7$~SHL$OTIME$ROPI$IEEEJ$EBA8$UX$STANDARDLIB$REQ8$PRES8$EABIv2 0x00000000   Number         0  anon$$obj.o ABSOLUTE
    __ARM_use_no_argv                        0x00000000   Number         0  main.o ABSOLUTE
    _printf_flags                            0x00000000   Number         0  printf_stubs.o ABSOLUTE
    _printf_return_value                     0x00000000   Number         0  printf_stubs.o ABSOLUTE
    _printf_sizespec                         0x00000000   Number         0  printf_stubs.o ABSOLUTE
    _printf_widthprec                        0x00000000   Number         0  printf_stubs.o ABSOLUTE
    __ARM_exceptions_init                     - Undefined Weak Reference
    __alloca_initialize                       - Undefined Weak Reference
    __arm_preinit_                            - Undefined Weak Reference
    __cpp_initialize__aeabi_                  - Undefined Weak Reference
    __cxa_finalize                            - Undefined Weak Reference
    __sigvec_lookup                           - Undefined Weak Reference
    _atexit_init                              - Undefined Weak Reference
    _call_atexit_fns                          - Undefined Weak Reference
    _clock_init                               - Undefined Weak Reference
    _fp_trap_init                             - Undefined Weak Reference
    _fp_trap_shutdown                         - Undefined Weak Reference
    _get_lc_collate                           - Undefined Weak Reference
    _get_lc_ctype                             - Undefined Weak Reference
    _get_lc_monetary                          - Undefined Weak Reference
    _get_lc_time                              - Undefined Weak Reference
    _getenv_init                              - Undefined Weak Reference
    _handle_redirection                       - Undefined Weak Reference
    _init_alloc                               - Undefined Weak Reference
    _init_user_alloc                          - Undefined Weak Reference
    _initio                                   - Undefined Weak Reference
    _mutex_acquire                            - Undefined Weak Reference
    _mutex_release                            - Undefined Weak Reference
    _printf_post_padding                      - Undefined Weak Reference
    _printf_pre_padding                       - Undefined Weak Reference
    _printf_truncate_signed                   - Undefined Weak Reference
    _printf_truncate_unsigned                 - Undefined Weak Reference
    _rand_init                                - Undefined Weak Reference
    _signal_finish                            - Undefined Weak Reference
    _signal_init                              - Undefined Weak Reference
    _terminate_alloc                          - Undefined Weak Reference
    _terminate_user_alloc                     - Undefined Weak Reference
    _terminateio                              - Undefined Weak Reference
    __Vectors_Size                           0x00000188   Number         0  startup_stm32f40_41xxx.o ABSOLUTE
    __Vectors                                0x08000000   Data           4  startup_stm32f40_41xxx.o(RESET)
    __Vectors_End                            0x08000188   Data           0  startup_stm32f40_41xxx.o(RESET)
    __main                                   0x08000189   Thumb Code     8  __main.o(!!!main)
    __scatterload                            0x08000191   Thumb Code     0  __scatter.o(!!!scatter)
    __scatterload_rt2                        0x08000191   Thumb Code    44  __scatter.o(!!!scatter)
    __scatterload_rt2_thumb_only             0x08000191   Thumb Code     0  __scatter.o(!!!scatter)
    __scatterload_null                       0x0800019f   Thumb Code     0  __scatter.o(!!!scatter)
    __scatterload_copy                       0x080001c5   Thumb Code    26  __scatter_copy.o(!!handler_copy)
    __scatterload_zeroinit                   0x080001e1   Thumb Code    28  __scatter_zi.o(!!handler_zi)
    _printf_f                                0x080001fd   Thumb Code     0  _printf_f.o(.ARM.Collect$$_printf_percent$$00000003)
    _printf_percent                          0x080001fd   Thumb Code     0  _printf_percent.o(.ARM.Collect$$_printf_percent$$00000000)
    _printf_d                                0x08000203   Thumb Code     0  _printf_d.o(.ARM.Collect$$_printf_percent$$00000009)
    _printf_x                                0x08000209   Thumb Code     0  _printf_x.o(.ARM.Collect$$_printf_percent$$0000000C)
    _printf_percent_end                      0x0800020f   Thumb Code     0  _printf_percent_end.o(.ARM.Collect$$_printf_percent$$00000017)
    __rt_lib_init                            0x08000213   Thumb Code     0  libinit.o(.ARM.Collect$$libinit$$00000000)
    __rt_lib_init_fp_1                       0x08000215   Thumb Code     0  libinit2.o(.ARM.Collect$$libinit$$00000001)
    __rt_lib_init_heap_1                     0x08000219   Thumb Code     0  libinit2.o(.ARM.Collect$$libinit$$0000000A)
    __rt_lib_init_lc_common                  0x08000219   Thumb Code     0  libinit2.o(.ARM.Collect$$libinit$$0000000F)
    __rt_lib_init_preinit_1                  0x08000219   Thumb Code     0  libinit2.o(.ARM.Collect$$libinit$$00000004)
    __rt_lib_init_rand_1                     0x08000219   Thumb Code     0  libinit2.o(.ARM.Collect$$libinit$$0000000E)
    __rt_lib_init_user_alloc_1               0x08000219   Thumb Code     0  libinit2.o(.ARM.Collect$$libinit$$0000000C)
    __rt_lib_init_lc_collate_1               0x0800021f   Thumb Code     0  libinit2.o(.ARM.Collect$$libinit$$00000011)
    __rt_lib_init_lc_ctype_1                 0x0800021f   Thumb Code     0  libinit2.o(.ARM.Collect$$libinit$$00000013)
    __rt_lib_init_lc_monetary_1              0x0800021f   Thumb Code     0  libinit2.o(.ARM.Collect$$libinit$$00000015)
    __rt_lib_init_lc_numeric_2               0x0800021f   Thumb Code     0  libinit2.o(.ARM.Collect$$libinit$$00000016)
    __rt_lib_init_alloca_1                   0x08000229   Thumb Code     0  libinit2.o(.ARM.Collect$$libinit$$0000002E)
    __rt_lib_init_argv_1                     0x08000229   Thumb Code     0  libinit2.o(.ARM.Collect$$libinit$$0000002C)
    __rt_lib_init_atexit_1                   0x08000229   Thumb Code     0  libinit2.o(.ARM.Collect$$libinit$$0000001B)
    __rt_lib_init_clock_1                    0x08000229   Thumb Code     0  libinit2.o(.ARM.Collect$$libinit$$00000021)
    __rt_lib_init_cpp_1                      0x08000229   Thumb Code     0  libinit2.o(.ARM.Collect$$libinit$$00000032)
    __rt_lib_init_exceptions_1               0x08000229   Thumb Code     0  libinit2.o(.ARM.Collect$$libinit$$00000030)
    __rt_lib_init_fp_trap_1                  0x08000229   Thumb Code     0  libinit2.o(.ARM.Collect$$libinit$$0000001F)
    __rt_lib_init_getenv_1                   0x08000229   Thumb Code     0  libinit2.o(.ARM.Collect$$libinit$$00000023)
    __rt_lib_init_lc_numeric_1               0x08000229   Thumb Code     0  libinit2.o(.ARM.Collect$$libinit$$00000017)
    __rt_lib_init_lc_time_1                  0x08000229   Thumb Code     0  libinit2.o(.ARM.Collect$$libinit$$00000019)
    __rt_lib_init_return                     0x08000229   Thumb Code     0  libinit2.o(.ARM.Collect$$libinit$$00000033)
    __rt_lib_init_signal_1                   0x08000229   Thumb Code     0  libinit2.o(.ARM.Collect$$libinit$$0000001D)
    __rt_lib_init_stdio_1                    0x08000229   Thumb Code     0  libinit2.o(.ARM.Collect$$libinit$$00000025)
    __rt_lib_shutdown                        0x0800022b   Thumb Code     0  libshutdown.o(.ARM.Collect$$libshutdown$$00000000)
    __rt_lib_shutdown_fp_trap_1              0x0800022d   Thumb Code     0  libshutdown2.o(.ARM.Collect$$libshutdown$$00000006)
    __rt_lib_shutdown_heap_1                 0x0800022d   Thumb Code     0  libshutdown2.o(.ARM.Collect$$libshutdown$$0000000E)
    __rt_lib_shutdown_return                 0x0800022d   Thumb Code     0  libshutdown2.o(.ARM.Collect$$libshutdown$$0000000F)
    __rt_lib_shutdown_signal_1               0x0800022d   Thumb Code     0  libshutdown2.o(.ARM.Collect$$libshutdown$$00000009)
    __rt_lib_shutdown_stdio_1                0x0800022d   Thumb Code     0  libshutdown2.o(.ARM.Collect$$libshutdown$$00000003)
    __rt_lib_shutdown_user_alloc_1           0x0800022d   Thumb Code     0  libshutdown2.o(.ARM.Collect$$libshutdown$$0000000B)
    __rt_entry                               0x0800022f   Thumb Code     0  __rtentry.o(.ARM.Collect$$rtentry$$00000000)
    __rt_entry_presh_1                       0x0800022f   Thumb Code     0  __rtentry2.o(.ARM.Collect$$rtentry$$00000002)
    __rt_entry_sh                            0x0800022f   Thumb Code     0  __rtentry4.o(.ARM.Collect$$rtentry$$00000004)
    __rt_entry_li                            0x08000235   Thumb Code     0  __rtentry2.o(.ARM.Collect$$rtentry$$0000000A)
    __rt_entry_postsh_1                      0x08000235   Thumb Code     0  __rtentry2.o(.ARM.Collect$$rtentry$$00000009)
    __rt_entry_main                          0x08000239   Thumb Code     0  __rtentry2.o(.ARM.Collect$$rtentry$$0000000D)
    __rt_entry_postli_1                      0x08000239   Thumb Code     0  __rtentry2.o(.ARM.Collect$$rtentry$$0000000C)
    __rt_exit                                0x08000241   Thumb Code     0  rtexit.o(.ARM.Collect$$rtexit$$00000000)
    __rt_exit_ls                             0x08000243   Thumb Code     0  rtexit2.o(.ARM.Collect$$rtexit$$00000003)
    __rt_exit_prels_1                        0x08000243   Thumb Code     0  rtexit2.o(.ARM.Collect$$rtexit$$00000002)
    __rt_exit_exit                           0x08000247   Thumb Code     0  rtexit2.o(.ARM.Collect$$rtexit$$00000004)
    drowadc                                  0x0800024d   Thumb Code   116  main.o(.text)
    drowkuang                                0x080002c1   Thumb Code   112  main.o(.text)
    drowfft                                  0x08000331   Thumb Code   242  main.o(.text)
    main                                     0x08000423   Thumb Code   258  main.o(.text)
    NMI_Handler                              0x08000575   Thumb Code     2  stm32f4xx_it.o(.text)
    HardFault_Handler                        0x08000577   Thumb Code     4  stm32f4xx_it.o(.text)
    MemManage_Handler                        0x0800057b   Thumb Code     4  stm32f4xx_it.o(.text)
    BusFault_Handler                         0x0800057f   Thumb Code     4  stm32f4xx_it.o(.text)
    UsageFault_Handler                       0x08000583   Thumb Code     4  stm32f4xx_it.o(.text)
    SVC_Handler                              0x08000587   Thumb Code     2  stm32f4xx_it.o(.text)
    DebugMon_Handler                         0x08000589   Thumb Code     2  stm32f4xx_it.o(.text)
    PendSV_Handler                           0x0800058b   Thumb Code     2  stm32f4xx_it.o(.text)
    SysTick_Handler                          0x0800058d   Thumb Code     2  stm32f4xx_it.o(.text)
    SystemInit                               0x0800066d   Thumb Code    88  system_stm32f4xx.o(.text)
    SystemCoreClockUpdate                    0x080006c5   Thumb Code   174  system_stm32f4xx.o(.text)
    LED_Init                                 0x080007a1   Thumb Code    60  led.o(.text)
    TIM3_Int_Init                            0x080007e1   Thumb Code    88  timer.o(.text)
    TIM3_IRQHandler                          0x08000839   Thumb Code    34  timer.o(.text)
    KEY_Broad_Init                           0x08000865   Thumb Code    80  ble_key.o(.text)
    BKEY_Scan                                0x080008b5   Thumb Code   460  ble_key.o(.text)
    SKEY_SCAN                                0x08000a81   Thumb Code   144  ble_key.o(.text)
    LCD_Delay                                0x08000b15   Thumb Code    32  lcd_3.5tft.o(.text)
    LCD_WR_REG                               0x08000b35   Thumb Code     8  lcd_3.5tft.o(.text)
    LCD_WR_DATA                              0x08000b3d   Thumb Code     6  lcd_3.5tft.o(.text)
    LCD_RD_DATA                              0x08000b43   Thumb Code     6  lcd_3.5tft.o(.text)
    LCD_SetCursor                            0x08000b49   Thumb Code    68  lcd_3.5tft.o(.text)
    LCD_RD_OnePoint                          0x08000b8d   Thumb Code    94  lcd_3.5tft.o(.text)
    LCD_GPIO_Config                          0x08000beb   Thumb Code   562  lcd_3.5tft.o(.text)
    LCD_FSMC_Config                          0x08000e1d   Thumb Code    96  lcd_3.5tft.o(.text)
    LCD_Clear                                0x08000e7d   Thumb Code    40  lcd_3.5tft.o(.text)
    LCD_DisplayMode                          0x08000ea5   Thumb Code   218  lcd_3.5tft.o(.text)
    LCD_ShowNumMode                          0x08000f7f   Thumb Code     6  lcd_3.5tft.o(.text)
    LCD_SetFont                              0x08000f85   Thumb Code     6  lcd_3.5tft.o(.text)
    LCD_SetColor                             0x08000f8b   Thumb Code    36  lcd_3.5tft.o(.text)
    LCD_SetBackColor                         0x08000faf   Thumb Code    36  lcd_3.5tft.o(.text)
    LCD_Init                                 0x08000fd3   Thumb Code   546  lcd_3.5tft.o(.text)
    LCD_DrawPoint                            0x080011f5   Thumb Code    30  lcd_3.5tft.o(.text)
    LCD_DisplayChar                          0x08001213   Thumb Code   170  lcd_3.5tft.o(.text)
    LCD_DisplayString                        0x080012bd   Thumb Code    48  lcd_3.5tft.o(.text)
    GetNumber                                0x080012ed   Thumb Code    38  lcd_3.5tft.o(.text)
    LCD_DisplayNumber                        0x08001313   Thumb Code   178  lcd_3.5tft.o(.text)
    LCD_DrawLine                             0x080013c5   Thumb Code   290  lcd_3.5tft.o(.text)
    LCD_DrawRect                             0x080014e7   Thumb Code    76  lcd_3.5tft.o(.text)
    LCD_DrawCircle                           0x08001533   Thumb Code   128  lcd_3.5tft.o(.text)
    LCD_DrawEllipse                          0x080015b3   Thumb Code   508  lcd_3.5tft.o(.text)
    LCD_FillRect                             0x080017af   Thumb Code    74  lcd_3.5tft.o(.text)
    LCD_FillCircle                           0x080017f9   Thumb Code   242  lcd_3.5tft.o(.text)
    My_ADC_IO_Init                           0x080018f5   Thumb Code    34  adc.o(.text)
    My_Adc_Init                              0x08001917   Thumb Code   118  adc.o(.text)
    My_DMA_Init                              0x08001995   Thumb Code    92  dma.o(.text)
    delay_init                               0x080019fd   Thumb Code    52  delay.o(.text)
    delay_us                                 0x08001a31   Thumb Code    72  delay.o(.text)
    delay_xms                                0x08001a79   Thumb Code    72  delay.o(.text)
    delay_ms                                 0x08001ac1   Thumb Code    56  delay.o(.text)
    _sys_exit                                0x08001b01   Thumb Code     6  usart.o(.text)
    fputc                                    0x08001b07   Thumb Code    22  usart.o(.text)
    uart_init                                0x08001b1d   Thumb Code   164  usart.o(.text)
    USART1_IRQHandler                        0x08001bc1   Thumb Code   122  usart.o(.text)
    Reset_Handler                            0x08001c4d   Thumb Code     8  startup_stm32f40_41xxx.o(.text)
    ADC_IRQHandler                           0x08001c67   Thumb Code     0  startup_stm32f40_41xxx.o(.text)
    CAN1_RX0_IRQHandler                      0x08001c67   Thumb Code     0  startup_stm32f40_41xxx.o(.text)
    CAN1_RX1_IRQHandler                      0x08001c67   Thumb Code     0  startup_stm32f40_41xxx.o(.text)
    CAN1_SCE_IRQHandler                      0x08001c67   Thumb Code     0  startup_stm32f40_41xxx.o(.text)
    CAN1_TX_IRQHandler                       0x08001c67   Thumb Code     0  startup_stm32f40_41xxx.o(.text)
    CAN2_RX0_IRQHandler                      0x08001c67   Thumb Code     0  startup_stm32f40_41xxx.o(.text)
    CAN2_RX1_IRQHandler                      0x08001c67   Thumb Code     0  startup_stm32f40_41xxx.o(.text)
    CAN2_SCE_IRQHandler                      0x08001c67   Thumb Code     0  startup_stm32f40_41xxx.o(.text)
    CAN2_TX_IRQHandler                       0x08001c67   Thumb Code     0  startup_stm32f40_41xxx.o(.text)
    CRYP_IRQHandler                          0x08001c67   Thumb Code     0  startup_stm32f40_41xxx.o(.text)
    DCMI_IRQHandler                          0x08001c67   Thumb Code     0  startup_stm32f40_41xxx.o(.text)
    DMA1_Stream0_IRQHandler                  0x08001c67   Thumb Code     0  startup_stm32f40_41xxx.o(.text)
    DMA1_Stream1_IRQHandler                  0x08001c67   Thumb Code     0  startup_stm32f40_41xxx.o(.text)
    DMA1_Stream2_IRQHandler                  0x08001c67   Thumb Code     0  startup_stm32f40_41xxx.o(.text)
    DMA1_Stream3_IRQHandler                  0x08001c67   Thumb Code     0  startup_stm32f40_41xxx.o(.text)
    DMA1_Stream4_IRQHandler                  0x08001c67   Thumb Code     0  startup_stm32f40_41xxx.o(.text)
    DMA1_Stream5_IRQHandler                  0x08001c67   Thumb Code     0  startup_stm32f40_41xxx.o(.text)
    DMA1_Stream6_IRQHandler                  0x08001c67   Thumb Code     0  startup_stm32f40_41xxx.o(.text)
    DMA1_Stream7_IRQHandler                  0x08001c67   Thumb Code     0  startup_stm32f40_41xxx.o(.text)
    DMA2_Stream0_IRQHandler                  0x08001c67   Thumb Code     0  startup_stm32f40_41xxx.o(.text)
    DMA2_Stream1_IRQHandler                  0x08001c67   Thumb Code     0  startup_stm32f40_41xxx.o(.text)
    DMA2_Stream2_IRQHandler                  0x08001c67   Thumb Code     0  startup_stm32f40_41xxx.o(.text)
    DMA2_Stream3_IRQHandler                  0x08001c67   Thumb Code     0  startup_stm32f40_41xxx.o(.text)
    DMA2_Stream4_IRQHandler                  0x08001c67   Thumb Code     0  startup_stm32f40_41xxx.o(.text)
    DMA2_Stream5_IRQHandler                  0x08001c67   Thumb Code     0  startup_stm32f40_41xxx.o(.text)
    DMA2_Stream6_IRQHandler                  0x08001c67   Thumb Code     0  startup_stm32f40_41xxx.o(.text)
    DMA2_Stream7_IRQHandler                  0x08001c67   Thumb Code     0  startup_stm32f40_41xxx.o(.text)
    ETH_IRQHandler                           0x08001c67   Thumb Code     0  startup_stm32f40_41xxx.o(.text)
    ETH_WKUP_IRQHandler                      0x08001c67   Thumb Code     0  startup_stm32f40_41xxx.o(.text)
    EXTI0_IRQHandler                         0x08001c67   Thumb Code     0  startup_stm32f40_41xxx.o(.text)
    EXTI15_10_IRQHandler                     0x08001c67   Thumb Code     0  startup_stm32f40_41xxx.o(.text)
    EXTI1_IRQHandler                         0x08001c67   Thumb Code     0  startup_stm32f40_41xxx.o(.text)
    EXTI2_IRQHandler                         0x08001c67   Thumb Code     0  startup_stm32f40_41xxx.o(.text)
    EXTI3_IRQHandler                         0x08001c67   Thumb Code     0  startup_stm32f40_41xxx.o(.text)
    EXTI4_IRQHandler                         0x08001c67   Thumb Code     0  startup_stm32f40_41xxx.o(.text)
    EXTI9_5_IRQHandler                       0x08001c67   Thumb Code     0  startup_stm32f40_41xxx.o(.text)
    FLASH_IRQHandler                         0x08001c67   Thumb Code     0  startup_stm32f40_41xxx.o(.text)
    FPU_IRQHandler                           0x08001c67   Thumb Code     0  startup_stm32f40_41xxx.o(.text)
    FSMC_IRQHandler                          0x08001c67   Thumb Code     0  startup_stm32f40_41xxx.o(.text)
    HASH_RNG_IRQHandler                      0x08001c67   Thumb Code     0  startup_stm32f40_41xxx.o(.text)
    I2C1_ER_IRQHandler                       0x08001c67   Thumb Code     0  startup_stm32f40_41xxx.o(.text)
    I2C1_EV_IRQHandler                       0x08001c67   Thumb Code     0  startup_stm32f40_41xxx.o(.text)
    I2C2_ER_IRQHandler                       0x08001c67   Thumb Code     0  startup_stm32f40_41xxx.o(.text)
    I2C2_EV_IRQHandler                       0x08001c67   Thumb Code     0  startup_stm32f40_41xxx.o(.text)
    I2C3_ER_IRQHandler                       0x08001c67   Thumb Code     0  startup_stm32f40_41xxx.o(.text)
    I2C3_EV_IRQHandler                       0x08001c67   Thumb Code     0  startup_stm32f40_41xxx.o(.text)
    OTG_FS_IRQHandler                        0x08001c67   Thumb Code     0  startup_stm32f40_41xxx.o(.text)
    OTG_FS_WKUP_IRQHandler                   0x08001c67   Thumb Code     0  startup_stm32f40_41xxx.o(.text)
    OTG_HS_EP1_IN_IRQHandler                 0x08001c67   Thumb Code     0  startup_stm32f40_41xxx.o(.text)
    OTG_HS_EP1_OUT_IRQHandler                0x08001c67   Thumb Code     0  startup_stm32f40_41xxx.o(.text)
    OTG_HS_IRQHandler                        0x08001c67   Thumb Code     0  startup_stm32f40_41xxx.o(.text)
    OTG_HS_WKUP_IRQHandler                   0x08001c67   Thumb Code     0  startup_stm32f40_41xxx.o(.text)
    PVD_IRQHandler                           0x08001c67   Thumb Code     0  startup_stm32f40_41xxx.o(.text)
    RCC_IRQHandler                           0x08001c67   Thumb Code     0  startup_stm32f40_41xxx.o(.text)
    RTC_Alarm_IRQHandler                     0x08001c67   Thumb Code     0  startup_stm32f40_41xxx.o(.text)
    RTC_WKUP_IRQHandler                      0x08001c67   Thumb Code     0  startup_stm32f40_41xxx.o(.text)
    SDIO_IRQHandler                          0x08001c67   Thumb Code     0  startup_stm32f40_41xxx.o(.text)
    SPI1_IRQHandler                          0x08001c67   Thumb Code     0  startup_stm32f40_41xxx.o(.text)
    SPI2_IRQHandler                          0x08001c67   Thumb Code     0  startup_stm32f40_41xxx.o(.text)
    SPI3_IRQHandler                          0x08001c67   Thumb Code     0  startup_stm32f40_41xxx.o(.text)
    TAMP_STAMP_IRQHandler                    0x08001c67   Thumb Code     0  startup_stm32f40_41xxx.o(.text)
    TIM1_BRK_TIM9_IRQHandler                 0x08001c67   Thumb Code     0  startup_stm32f40_41xxx.o(.text)
    TIM1_CC_IRQHandler                       0x08001c67   Thumb Code     0  startup_stm32f40_41xxx.o(.text)
    TIM1_TRG_COM_TIM11_IRQHandler            0x08001c67   Thumb Code     0  startup_stm32f40_41xxx.o(.text)
    TIM1_UP_TIM10_IRQHandler                 0x08001c67   Thumb Code     0  startup_stm32f40_41xxx.o(.text)
    TIM2_IRQHandler                          0x08001c67   Thumb Code     0  startup_stm32f40_41xxx.o(.text)
    TIM4_IRQHandler                          0x08001c67   Thumb Code     0  startup_stm32f40_41xxx.o(.text)
    TIM5_IRQHandler                          0x08001c67   Thumb Code     0  startup_stm32f40_41xxx.o(.text)
    TIM6_DAC_IRQHandler                      0x08001c67   Thumb Code     0  startup_stm32f40_41xxx.o(.text)
    TIM7_IRQHandler                          0x08001c67   Thumb Code     0  startup_stm32f40_41xxx.o(.text)
    TIM8_BRK_TIM12_IRQHandler                0x08001c67   Thumb Code     0  startup_stm32f40_41xxx.o(.text)
    TIM8_CC_IRQHandler                       0x08001c67   Thumb Code     0  startup_stm32f40_41xxx.o(.text)
    TIM8_TRG_COM_TIM14_IRQHandler            0x08001c67   Thumb Code     0  startup_stm32f40_41xxx.o(.text)
    TIM8_UP_TIM13_IRQHandler                 0x08001c67   Thumb Code     0  startup_stm32f40_41xxx.o(.text)
    UART4_IRQHandler                         0x08001c67   Thumb Code     0  startup_stm32f40_41xxx.o(.text)
    UART5_IRQHandler                         0x08001c67   Thumb Code     0  startup_stm32f40_41xxx.o(.text)
    USART2_IRQHandler                        0x08001c67   Thumb Code     0  startup_stm32f40_41xxx.o(.text)
    USART3_IRQHandler                        0x08001c67   Thumb Code     0  startup_stm32f40_41xxx.o(.text)
    USART6_IRQHandler                        0x08001c67   Thumb Code     0  startup_stm32f40_41xxx.o(.text)
    WWDG_IRQHandler                          0x08001c67   Thumb Code     0  startup_stm32f40_41xxx.o(.text)
    __user_initial_stackheap                 0x08001c69   Thumb Code     0  startup_stm32f40_41xxx.o(.text)
    NVIC_PriorityGroupConfig                 0x08001c8d   Thumb Code    10  misc.o(.text)
    NVIC_Init                                0x08001c97   Thumb Code   106  misc.o(.text)
    NVIC_SetVectorTable                      0x08001d01   Thumb Code    14  misc.o(.text)
    NVIC_SystemLPConfig                      0x08001d0f   Thumb Code    34  misc.o(.text)
    SysTick_CLKSourceConfig                  0x08001d31   Thumb Code    40  misc.o(.text)
    GPIO_DeInit                              0x08001d6d   Thumb Code   268  stm32f4xx_gpio.o(.text)
    GPIO_Init                                0x08001e79   Thumb Code   144  stm32f4xx_gpio.o(.text)
    GPIO_StructInit                          0x08001f09   Thumb Code    18  stm32f4xx_gpio.o(.text)
    GPIO_PinLockConfig                       0x08001f1b   Thumb Code    34  stm32f4xx_gpio.o(.text)
    GPIO_ReadInputDataBit                    0x08001f3d   Thumb Code    18  stm32f4xx_gpio.o(.text)
    GPIO_ReadInputData                       0x08001f4f   Thumb Code     8  stm32f4xx_gpio.o(.text)
    GPIO_ReadOutputDataBit                   0x08001f57   Thumb Code    18  stm32f4xx_gpio.o(.text)
    GPIO_ReadOutputData                      0x08001f69   Thumb Code     8  stm32f4xx_gpio.o(.text)
    GPIO_SetBits                             0x08001f71   Thumb Code     4  stm32f4xx_gpio.o(.text)
    GPIO_ResetBits                           0x08001f75   Thumb Code     4  stm32f4xx_gpio.o(.text)
    GPIO_WriteBit                            0x08001f79   Thumb Code    10  stm32f4xx_gpio.o(.text)
    GPIO_Write                               0x08001f83   Thumb Code     4  stm32f4xx_gpio.o(.text)
    GPIO_ToggleBits                          0x08001f87   Thumb Code     8  stm32f4xx_gpio.o(.text)
    GPIO_PinAFConfig                         0x08001f8f   Thumb Code    70  stm32f4xx_gpio.o(.text)
    FSMC_NORSRAMDeInit                       0x08002001   Thumb Code    54  stm32f4xx_fsmc.o(.text)
    FSMC_NORSRAMInit                         0x08002037   Thumb Code   230  stm32f4xx_fsmc.o(.text)
    FSMC_NORSRAMStructInit                   0x0800211d   Thumb Code    48  stm32f4xx_fsmc.o(.text)
    FSMC_NORSRAMCmd                          0x0800214d   Thumb Code    46  stm32f4xx_fsmc.o(.text)
    FSMC_NANDDeInit                          0x0800217b   Thumb Code    62  stm32f4xx_fsmc.o(.text)
    FSMC_NANDInit                            0x080021b9   Thumb Code   132  stm32f4xx_fsmc.o(.text)
    FSMC_NANDStructInit                      0x0800223d   Thumb Code    54  stm32f4xx_fsmc.o(.text)
    FSMC_NANDCmd                             0x08002273   Thumb Code    86  stm32f4xx_fsmc.o(.text)
    FSMC_NANDECCCmd                          0x080022c9   Thumb Code    86  stm32f4xx_fsmc.o(.text)
    FSMC_GetECC                              0x0800231f   Thumb Code    24  stm32f4xx_fsmc.o(.text)
    FSMC_PCCARDDeInit                        0x08002337   Thumb Code    36  stm32f4xx_fsmc.o(.text)
    FSMC_PCCARDInit                          0x0800235b   Thumb Code   130  stm32f4xx_fsmc.o(.text)
    FSMC_PCCARDStructInit                    0x080023dd   Thumb Code    60  stm32f4xx_fsmc.o(.text)
    FSMC_PCCARDCmd                           0x08002419   Thumb Code    44  stm32f4xx_fsmc.o(.text)
    FSMC_ITConfig                            0x08002445   Thumb Code   128  stm32f4xx_fsmc.o(.text)
    FSMC_GetFlagStatus                       0x080024c5   Thumb Code    54  stm32f4xx_fsmc.o(.text)
    FSMC_ClearFlag                           0x080024fb   Thumb Code    74  stm32f4xx_fsmc.o(.text)
    FSMC_GetITStatus                         0x08002545   Thumb Code    62  stm32f4xx_fsmc.o(.text)
    FSMC_ClearITPendingBit                   0x08002583   Thumb Code    66  stm32f4xx_fsmc.o(.text)
    RCC_DeInit                               0x080025c9   Thumb Code    82  stm32f4xx_rcc.o(.text)
    RCC_HSEConfig                            0x0800261b   Thumb Code    14  stm32f4xx_rcc.o(.text)
    RCC_GetFlagStatus                        0x08002629   Thumb Code    60  stm32f4xx_rcc.o(.text)
    RCC_WaitForHSEStartUp                    0x08002665   Thumb Code    56  stm32f4xx_rcc.o(.text)
    RCC_AdjustHSICalibrationValue            0x0800269d   Thumb Code    20  stm32f4xx_rcc.o(.text)
    RCC_HSICmd                               0x080026b1   Thumb Code     6  stm32f4xx_rcc.o(.text)
    RCC_LSEConfig                            0x080026b7   Thumb Code    46  stm32f4xx_rcc.o(.text)
    RCC_LSICmd                               0x080026e5   Thumb Code     6  stm32f4xx_rcc.o(.text)
    RCC_PLLConfig                            0x080026eb   Thumb Code    32  stm32f4xx_rcc.o(.text)
    RCC_PLLCmd                               0x0800270b   Thumb Code     6  stm32f4xx_rcc.o(.text)
    RCC_PLLI2SConfig                         0x08002711   Thumb Code    14  stm32f4xx_rcc.o(.text)
    RCC_PLLI2SCmd                            0x0800271f   Thumb Code     6  stm32f4xx_rcc.o(.text)
    RCC_PLLSAIConfig                         0x08002725   Thumb Code    20  stm32f4xx_rcc.o(.text)
    RCC_PLLSAICmd                            0x08002739   Thumb Code     6  stm32f4xx_rcc.o(.text)
    RCC_ClockSecuritySystemCmd               0x0800273f   Thumb Code     6  stm32f4xx_rcc.o(.text)
    RCC_MCO1Config                           0x08002745   Thumb Code    28  stm32f4xx_rcc.o(.text)
    RCC_MCO2Config                           0x08002761   Thumb Code    28  stm32f4xx_rcc.o(.text)
    RCC_SYSCLKConfig                         0x0800277d   Thumb Code    20  stm32f4xx_rcc.o(.text)
    RCC_GetSYSCLKSource                      0x08002791   Thumb Code    12  stm32f4xx_rcc.o(.text)
    RCC_HCLKConfig                           0x0800279d   Thumb Code    20  stm32f4xx_rcc.o(.text)
    RCC_PCLK1Config                          0x080027b1   Thumb Code    20  stm32f4xx_rcc.o(.text)
    RCC_PCLK2Config                          0x080027c5   Thumb Code    22  stm32f4xx_rcc.o(.text)
    RCC_GetClocksFreq                        0x080027db   Thumb Code   222  stm32f4xx_rcc.o(.text)
    RCC_RTCCLKConfig                         0x080028b9   Thumb Code    54  stm32f4xx_rcc.o(.text)
    RCC_RTCCLKCmd                            0x080028ef   Thumb Code     8  stm32f4xx_rcc.o(.text)
    RCC_BackupResetCmd                       0x080028f7   Thumb Code     8  stm32f4xx_rcc.o(.text)
    RCC_I2SCLKConfig                         0x080028ff   Thumb Code     6  stm32f4xx_rcc.o(.text)
    RCC_SAIPLLI2SClkDivConfig                0x08002905   Thumb Code    26  stm32f4xx_rcc.o(.text)
    RCC_SAIPLLSAIClkDivConfig                0x0800291f   Thumb Code    28  stm32f4xx_rcc.o(.text)
    RCC_SAIBlockACLKConfig                   0x0800293b   Thumb Code    20  stm32f4xx_rcc.o(.text)
    RCC_SAIBlockBCLKConfig                   0x0800294f   Thumb Code    20  stm32f4xx_rcc.o(.text)
    RCC_LTDCCLKDivConfig                     0x08002963   Thumb Code    20  stm32f4xx_rcc.o(.text)
    RCC_TIMCLKPresConfig                     0x08002977   Thumb Code     6  stm32f4xx_rcc.o(.text)
    RCC_AHB1PeriphClockCmd                   0x0800297d   Thumb Code    34  stm32f4xx_rcc.o(.text)
    RCC_AHB2PeriphClockCmd                   0x0800299f   Thumb Code    78  stm32f4xx_rcc.o(.text)
    RCC_AHB3PeriphClockCmd                   0x080029ed   Thumb Code    34  stm32f4xx_rcc.o(.text)
    RCC_APB1PeriphClockCmd                   0x08002a0f   Thumb Code    34  stm32f4xx_rcc.o(.text)
    RCC_APB2PeriphClockCmd                   0x08002a31   Thumb Code    34  stm32f4xx_rcc.o(.text)
    RCC_AHB1PeriphResetCmd                   0x08002a53   Thumb Code    34  stm32f4xx_rcc.o(.text)
    RCC_AHB2PeriphResetCmd                   0x08002a75   Thumb Code    34  stm32f4xx_rcc.o(.text)
    RCC_AHB3PeriphResetCmd                   0x08002a97   Thumb Code    34  stm32f4xx_rcc.o(.text)
    RCC_APB1PeriphResetCmd                   0x08002ab9   Thumb Code    34  stm32f4xx_rcc.o(.text)
    RCC_APB2PeriphResetCmd                   0x08002adb   Thumb Code    34  stm32f4xx_rcc.o(.text)
    RCC_AHB1PeriphClockLPModeCmd             0x08002afd   Thumb Code    34  stm32f4xx_rcc.o(.text)
    RCC_AHB2PeriphClockLPModeCmd             0x08002b1f   Thumb Code    34  stm32f4xx_rcc.o(.text)
    RCC_AHB3PeriphClockLPModeCmd             0x08002b41   Thumb Code    34  stm32f4xx_rcc.o(.text)
    RCC_APB1PeriphClockLPModeCmd             0x08002b63   Thumb Code    34  stm32f4xx_rcc.o(.text)
    RCC_APB2PeriphClockLPModeCmd             0x08002b85   Thumb Code    34  stm32f4xx_rcc.o(.text)
    RCC_LSEModeConfig                        0x08002ba7   Thumb Code    40  stm32f4xx_rcc.o(.text)
    RCC_ITConfig                             0x08002bcf   Thumb Code    34  stm32f4xx_rcc.o(.text)
    RCC_ClearFlag                            0x08002bf1   Thumb Code    18  stm32f4xx_rcc.o(.text)
    RCC_GetITStatus                          0x08002c03   Thumb Code    22  stm32f4xx_rcc.o(.text)
    RCC_ClearITPendingBit                    0x08002c19   Thumb Code     8  stm32f4xx_rcc.o(.text)
    USART_DeInit                             0x08002c25   Thumb Code   206  stm32f4xx_usart.o(.text)
    USART_Init                               0x08002cf3   Thumb Code   204  stm32f4xx_usart.o(.text)
    USART_StructInit                         0x08002dbf   Thumb Code    24  stm32f4xx_usart.o(.text)
    USART_ClockInit                          0x08002dd7   Thumb Code    32  stm32f4xx_usart.o(.text)
    USART_ClockStructInit                    0x08002df7   Thumb Code    12  stm32f4xx_usart.o(.text)
    USART_Cmd                                0x08002e03   Thumb Code    24  stm32f4xx_usart.o(.text)
    USART_SetPrescaler                       0x08002e1b   Thumb Code    16  stm32f4xx_usart.o(.text)
    USART_OverSampling8Cmd                   0x08002e2b   Thumb Code    22  stm32f4xx_usart.o(.text)
    USART_OneBitMethodCmd                    0x08002e41   Thumb Code    24  stm32f4xx_usart.o(.text)
    USART_SendData                           0x08002e59   Thumb Code     8  stm32f4xx_usart.o(.text)
    USART_ReceiveData                        0x08002e61   Thumb Code    10  stm32f4xx_usart.o(.text)
    USART_SetAddress                         0x08002e6b   Thumb Code    18  stm32f4xx_usart.o(.text)
    USART_ReceiverWakeUpCmd                  0x08002e7d   Thumb Code    24  stm32f4xx_usart.o(.text)
    USART_WakeUpConfig                       0x08002e95   Thumb Code    18  stm32f4xx_usart.o(.text)
    USART_LINBreakDetectLengthConfig         0x08002ea7   Thumb Code    18  stm32f4xx_usart.o(.text)
    USART_LINCmd                             0x08002eb9   Thumb Code    24  stm32f4xx_usart.o(.text)
    USART_SendBreak                          0x08002ed1   Thumb Code    10  stm32f4xx_usart.o(.text)
    USART_HalfDuplexCmd                      0x08002edb   Thumb Code    24  stm32f4xx_usart.o(.text)
    USART_SetGuardTime                       0x08002ef3   Thumb Code    16  stm32f4xx_usart.o(.text)
    USART_SmartCardCmd                       0x08002f03   Thumb Code    24  stm32f4xx_usart.o(.text)
    USART_SmartCardNACKCmd                   0x08002f1b   Thumb Code    24  stm32f4xx_usart.o(.text)
    USART_IrDAConfig                         0x08002f33   Thumb Code    18  stm32f4xx_usart.o(.text)
    USART_IrDACmd                            0x08002f45   Thumb Code    24  stm32f4xx_usart.o(.text)
    USART_DMACmd                             0x08002f5d   Thumb Code    18  stm32f4xx_usart.o(.text)
    USART_ITConfig                           0x08002f6f   Thumb Code    74  stm32f4xx_usart.o(.text)
    USART_GetFlagStatus                      0x08002fb9   Thumb Code    26  stm32f4xx_usart.o(.text)
    USART_ClearFlag                          0x08002fd3   Thumb Code    18  stm32f4xx_usart.o(.text)
    USART_GetITStatus                        0x08002fe5   Thumb Code   118  stm32f4xx_usart.o(.text)
    USART_ClearITPendingBit                  0x0800305b   Thumb Code    30  stm32f4xx_usart.o(.text)
    TIM_DeInit                               0x08003079   Thumb Code   346  stm32f4xx_tim.o(.text)
    TIM_TimeBaseInit                         0x080031d3   Thumb Code   104  stm32f4xx_tim.o(.text)
    TIM_TimeBaseStructInit                   0x0800323b   Thumb Code    18  stm32f4xx_tim.o(.text)
    TIM_PrescalerConfig                      0x0800324d   Thumb Code     6  stm32f4xx_tim.o(.text)
    TIM_CounterModeConfig                    0x08003253   Thumb Code    18  stm32f4xx_tim.o(.text)
    TIM_SetCounter                           0x08003265   Thumb Code     4  stm32f4xx_tim.o(.text)
    TIM_SetAutoreload                        0x08003269   Thumb Code     4  stm32f4xx_tim.o(.text)
    TIM_GetCounter                           0x0800326d   Thumb Code     6  stm32f4xx_tim.o(.text)
    TIM_GetPrescaler                         0x08003273   Thumb Code     6  stm32f4xx_tim.o(.text)
    TIM_UpdateDisableConfig                  0x08003279   Thumb Code    24  stm32f4xx_tim.o(.text)
    TIM_UpdateRequestConfig                  0x08003291   Thumb Code    24  stm32f4xx_tim.o(.text)
    TIM_ARRPreloadConfig                     0x080032a9   Thumb Code    24  stm32f4xx_tim.o(.text)
    TIM_SelectOnePulseMode                   0x080032c1   Thumb Code    18  stm32f4xx_tim.o(.text)
    TIM_SetClockDivision                     0x080032d3   Thumb Code    18  stm32f4xx_tim.o(.text)
    TIM_Cmd                                  0x080032e5   Thumb Code    24  stm32f4xx_tim.o(.text)
    TIM_OC1Init                              0x080032fd   Thumb Code   114  stm32f4xx_tim.o(.text)
    TIM_OC2Init                              0x0800336f   Thumb Code   154  stm32f4xx_tim.o(.text)
    TIM_OC3Init                              0x08003409   Thumb Code   204  stm32f4xx_tim.o(.text)
    TIM_OC4Init                              0x080034d5   Thumb Code   112  stm32f4xx_tim.o(.text)
    TIM_OCStructInit                         0x08003545   Thumb Code    20  stm32f4xx_tim.o(.text)
    TIM_SelectOCxM                           0x08003559   Thumb Code    86  stm32f4xx_tim.o(.text)
    TIM_SetCompare1                          0x080035af   Thumb Code     4  stm32f4xx_tim.o(.text)
    TIM_SetCompare2                          0x080035b3   Thumb Code     4  stm32f4xx_tim.o(.text)
    TIM_SetCompare3                          0x080035b7   Thumb Code     4  stm32f4xx_tim.o(.text)
    TIM_SetCompare4                          0x080035bb   Thumb Code     4  stm32f4xx_tim.o(.text)
    TIM_ForcedOC1Config                      0x080035bf   Thumb Code    18  stm32f4xx_tim.o(.text)
    TIM_ForcedOC2Config                      0x080035d1   Thumb Code    26  stm32f4xx_tim.o(.text)
    TIM_ForcedOC3Config                      0x080035eb   Thumb Code    18  stm32f4xx_tim.o(.text)
    TIM_ForcedOC4Config                      0x080035fd   Thumb Code    26  stm32f4xx_tim.o(.text)
    TIM_OC1PreloadConfig                     0x08003617   Thumb Code    18  stm32f4xx_tim.o(.text)
    TIM_OC2PreloadConfig                     0x08003629   Thumb Code    26  stm32f4xx_tim.o(.text)
    TIM_OC3PreloadConfig                     0x08003643   Thumb Code    18  stm32f4xx_tim.o(.text)
    TIM_OC4PreloadConfig                     0x08003655   Thumb Code    26  stm32f4xx_tim.o(.text)
    TIM_OC1FastConfig                        0x0800366f   Thumb Code    18  stm32f4xx_tim.o(.text)
    TIM_OC2FastConfig                        0x08003681   Thumb Code    26  stm32f4xx_tim.o(.text)
    TIM_OC3FastConfig                        0x0800369b   Thumb Code    18  stm32f4xx_tim.o(.text)
    TIM_OC4FastConfig                        0x080036ad   Thumb Code    26  stm32f4xx_tim.o(.text)
    TIM_ClearOC1Ref                          0x080036c7   Thumb Code    18  stm32f4xx_tim.o(.text)
    TIM_ClearOC2Ref                          0x080036d9   Thumb Code    24  stm32f4xx_tim.o(.text)
    TIM_ClearOC3Ref                          0x080036f1   Thumb Code    18  stm32f4xx_tim.o(.text)
    TIM_ClearOC4Ref                          0x08003703   Thumb Code    24  stm32f4xx_tim.o(.text)
    TIM_OC1PolarityConfig                    0x0800371b   Thumb Code    18  stm32f4xx_tim.o(.text)
    TIM_OC1NPolarityConfig                   0x0800372d   Thumb Code    18  stm32f4xx_tim.o(.text)
    TIM_OC2PolarityConfig                    0x0800373f   Thumb Code    26  stm32f4xx_tim.o(.text)
    TIM_OC2NPolarityConfig                   0x08003759   Thumb Code    26  stm32f4xx_tim.o(.text)
    TIM_OC3PolarityConfig                    0x08003773   Thumb Code    26  stm32f4xx_tim.o(.text)
    TIM_OC3NPolarityConfig                   0x0800378d   Thumb Code    26  stm32f4xx_tim.o(.text)
    TIM_OC4PolarityConfig                    0x080037a7   Thumb Code    26  stm32f4xx_tim.o(.text)
    TIM_CCxCmd                               0x080037c1   Thumb Code    30  stm32f4xx_tim.o(.text)
    TIM_CCxNCmd                              0x080037df   Thumb Code    30  stm32f4xx_tim.o(.text)
    TIM_SetIC4Prescaler                      0x080037fd   Thumb Code    26  stm32f4xx_tim.o(.text)
    TIM_SetIC3Prescaler                      0x08003867   Thumb Code    18  stm32f4xx_tim.o(.text)
    TIM_SetIC2Prescaler                      0x080038c1   Thumb Code    26  stm32f4xx_tim.o(.text)
    TIM_SetIC1Prescaler                      0x08003935   Thumb Code    18  stm32f4xx_tim.o(.text)
    TIM_ICInit                               0x08003981   Thumb Code   110  stm32f4xx_tim.o(.text)
    TIM_ICStructInit                         0x080039ef   Thumb Code    18  stm32f4xx_tim.o(.text)
    TIM_PWMIConfig                           0x08003a01   Thumb Code   124  stm32f4xx_tim.o(.text)
    TIM_GetCapture1                          0x08003a7d   Thumb Code     6  stm32f4xx_tim.o(.text)
    TIM_GetCapture2                          0x08003a83   Thumb Code     6  stm32f4xx_tim.o(.text)
    TIM_GetCapture3                          0x08003a89   Thumb Code     6  stm32f4xx_tim.o(.text)
    TIM_GetCapture4                          0x08003a8f   Thumb Code     6  stm32f4xx_tim.o(.text)
    TIM_BDTRConfig                           0x08003a95   Thumb Code    32  stm32f4xx_tim.o(.text)
    TIM_BDTRStructInit                       0x08003ab5   Thumb Code    18  stm32f4xx_tim.o(.text)
    TIM_CtrlPWMOutputs                       0x08003ac7   Thumb Code    30  stm32f4xx_tim.o(.text)
    TIM_SelectCOM                            0x08003ae5   Thumb Code    24  stm32f4xx_tim.o(.text)
    TIM_CCPreloadControl                     0x08003afd   Thumb Code    24  stm32f4xx_tim.o(.text)
    TIM_ITConfig                             0x08003b15   Thumb Code    18  stm32f4xx_tim.o(.text)
    TIM_GenerateEvent                        0x08003b27   Thumb Code     4  stm32f4xx_tim.o(.text)
    TIM_GetFlagStatus                        0x08003b2b   Thumb Code    18  stm32f4xx_tim.o(.text)
    TIM_ClearFlag                            0x08003b3d   Thumb Code     6  stm32f4xx_tim.o(.text)
    TIM_GetITStatus                          0x08003b43   Thumb Code    34  stm32f4xx_tim.o(.text)
    TIM_ClearITPendingBit                    0x08003b65   Thumb Code     6  stm32f4xx_tim.o(.text)
    TIM_DMAConfig                            0x08003b6b   Thumb Code    10  stm32f4xx_tim.o(.text)
    TIM_DMACmd                               0x08003b75   Thumb Code    18  stm32f4xx_tim.o(.text)
    TIM_SelectCCDMA                          0x08003b87   Thumb Code    24  stm32f4xx_tim.o(.text)
    TIM_InternalClockConfig                  0x08003b9f   Thumb Code    12  stm32f4xx_tim.o(.text)
    TIM_SelectInputTrigger                   0x08003bab   Thumb Code    18  stm32f4xx_tim.o(.text)
    TIM_ITRxExternalClockConfig              0x08003bbd   Thumb Code    24  stm32f4xx_tim.o(.text)
    TIM_TIxExternalClockConfig               0x08003bd5   Thumb Code    62  stm32f4xx_tim.o(.text)
    TIM_ETRConfig                            0x08003c13   Thumb Code    28  stm32f4xx_tim.o(.text)
    TIM_ETRClockMode1Config                  0x08003c2f   Thumb Code    54  stm32f4xx_tim.o(.text)
    TIM_ETRClockMode2Config                  0x08003c65   Thumb Code    32  stm32f4xx_tim.o(.text)
    TIM_SelectOutputTrigger                  0x08003c85   Thumb Code    18  stm32f4xx_tim.o(.text)
    TIM_SelectSlaveMode                      0x08003c97   Thumb Code    18  stm32f4xx_tim.o(.text)
    TIM_SelectMasterSlaveMode                0x08003ca9   Thumb Code    18  stm32f4xx_tim.o(.text)
    TIM_EncoderInterfaceConfig               0x08003cbb   Thumb Code    66  stm32f4xx_tim.o(.text)
    TIM_SelectHallSensor                     0x08003cfd   Thumb Code    24  stm32f4xx_tim.o(.text)
    TIM_RemapConfig                          0x08003d15   Thumb Code     6  stm32f4xx_tim.o(.text)
    ADC_DeInit                               0x08003d1d   Thumb Code    22  stm32f4xx_adc.o(.text)
    ADC_Init                                 0x08003d33   Thumb Code    74  stm32f4xx_adc.o(.text)
    ADC_StructInit                           0x08003d7d   Thumb Code    20  stm32f4xx_adc.o(.text)
    ADC_CommonInit                           0x08003d91   Thumb Code    34  stm32f4xx_adc.o(.text)
    ADC_CommonStructInit                     0x08003db3   Thumb Code    12  stm32f4xx_adc.o(.text)
    ADC_Cmd                                  0x08003dbf   Thumb Code    22  stm32f4xx_adc.o(.text)
    ADC_AnalogWatchdogCmd                    0x08003dd5   Thumb Code    16  stm32f4xx_adc.o(.text)
    ADC_AnalogWatchdogThresholdsConfig       0x08003de5   Thumb Code     6  stm32f4xx_adc.o(.text)
    ADC_AnalogWatchdogSingleChannelConfig    0x08003deb   Thumb Code    16  stm32f4xx_adc.o(.text)
    ADC_TempSensorVrefintCmd                 0x08003dfb   Thumb Code    34  stm32f4xx_adc.o(.text)
    ADC_VBATCmd                              0x08003e1d   Thumb Code    34  stm32f4xx_adc.o(.text)
    ADC_RegularChannelConfig                 0x08003e3f   Thumb Code   184  stm32f4xx_adc.o(.text)
    ADC_SoftwareStartConv                    0x08003ef7   Thumb Code    10  stm32f4xx_adc.o(.text)
    ADC_GetSoftwareStartConvStatus           0x08003f01   Thumb Code    20  stm32f4xx_adc.o(.text)
    ADC_EOCOnEachRegularChannelCmd           0x08003f15   Thumb Code    22  stm32f4xx_adc.o(.text)
    ADC_ContinuousModeCmd                    0x08003f2b   Thumb Code    22  stm32f4xx_adc.o(.text)
    ADC_DiscModeChannelCountConfig           0x08003f41   Thumb Code    24  stm32f4xx_adc.o(.text)
    ADC_DiscModeCmd                          0x08003f59   Thumb Code    22  stm32f4xx_adc.o(.text)
    ADC_GetConversionValue                   0x08003f6f   Thumb Code     8  stm32f4xx_adc.o(.text)
    ADC_GetMultiModeConversionValue          0x08003f77   Thumb Code     8  stm32f4xx_adc.o(.text)
    ADC_DMACmd                               0x08003f7f   Thumb Code    22  stm32f4xx_adc.o(.text)
    ADC_DMARequestAfterLastTransferCmd       0x08003f95   Thumb Code    22  stm32f4xx_adc.o(.text)
    ADC_MultiModeDMARequestAfterLastTransferCmd 0x08003fab   Thumb Code    34  stm32f4xx_adc.o(.text)
    ADC_InjectedChannelConfig                0x08003fcd   Thumb Code   130  stm32f4xx_adc.o(.text)
    ADC_InjectedSequencerLengthConfig        0x0800404f   Thumb Code    24  stm32f4xx_adc.o(.text)
    ADC_SetInjectedOffset                    0x08004067   Thumb Code    20  stm32f4xx_adc.o(.text)
    ADC_ExternalTrigInjectedConvConfig       0x0800407b   Thumb Code    16  stm32f4xx_adc.o(.text)
    ADC_ExternalTrigInjectedConvEdgeConfig   0x0800408b   Thumb Code    16  stm32f4xx_adc.o(.text)
    ADC_SoftwareStartInjectedConv            0x0800409b   Thumb Code    10  stm32f4xx_adc.o(.text)
    ADC_GetSoftwareStartInjectedConvCmdStatus 0x080040a5   Thumb Code    20  stm32f4xx_adc.o(.text)
    ADC_AutoInjectedConvCmd                  0x080040b9   Thumb Code    22  stm32f4xx_adc.o(.text)
    ADC_InjectedDiscModeCmd                  0x080040cf   Thumb Code    22  stm32f4xx_adc.o(.text)
    ADC_GetInjectedConversionValue           0x080040e5   Thumb Code    28  stm32f4xx_adc.o(.text)
    ADC_ITConfig                             0x08004101   Thumb Code    56  stm32f4xx_adc.o(.text)
    ADC_GetFlagStatus                        0x08004139   Thumb Code    18  stm32f4xx_adc.o(.text)
    ADC_ClearFlag                            0x0800414b   Thumb Code     6  stm32f4xx_adc.o(.text)
    ADC_GetITStatus                          0x08004151   Thumb Code    38  stm32f4xx_adc.o(.text)
    ADC_ClearITPendingBit                    0x08004177   Thumb Code    10  stm32f4xx_adc.o(.text)
    DMA_DeInit                               0x08004181   Thumb Code   324  stm32f4xx_dma.o(.text)
    DMA_Init                                 0x080042c5   Thumb Code    82  stm32f4xx_dma.o(.text)
    DMA_StructInit                           0x08004317   Thumb Code    34  stm32f4xx_dma.o(.text)
    DMA_Cmd                                  0x08004339   Thumb Code    22  stm32f4xx_dma.o(.text)
    DMA_PeriphIncOffsetSizeConfig            0x0800434f   Thumb Code    22  stm32f4xx_dma.o(.text)
    DMA_FlowControllerConfig                 0x08004365   Thumb Code    22  stm32f4xx_dma.o(.text)
    DMA_SetCurrDataCounter                   0x0800437b   Thumb Code     4  stm32f4xx_dma.o(.text)
    DMA_GetCurrDataCounter                   0x0800437f   Thumb Code     8  stm32f4xx_dma.o(.text)
    DMA_DoubleBufferModeConfig               0x08004387   Thumb Code    24  stm32f4xx_dma.o(.text)
    DMA_DoubleBufferModeCmd                  0x0800439f   Thumb Code    22  stm32f4xx_dma.o(.text)
    DMA_MemoryTargetConfig                   0x080043b5   Thumb Code    10  stm32f4xx_dma.o(.text)
    DMA_GetCurrentMemoryTarget               0x080043bf   Thumb Code    20  stm32f4xx_dma.o(.text)
    DMA_GetCmdStatus                         0x080043d3   Thumb Code    20  stm32f4xx_dma.o(.text)
    DMA_GetFIFOStatus                        0x080043e7   Thumb Code    12  stm32f4xx_dma.o(.text)
    DMA_GetFlagStatus                        0x080043f3   Thumb Code    56  stm32f4xx_dma.o(.text)
    DMA_ClearFlag                            0x0800442b   Thumb Code    40  stm32f4xx_dma.o(.text)
    DMA_ITConfig                             0x08004453   Thumb Code    58  stm32f4xx_dma.o(.text)
    DMA_GetITStatus                          0x0800448d   Thumb Code    84  stm32f4xx_dma.o(.text)
    DMA_ClearITPendingBit                    0x080044e1   Thumb Code    40  stm32f4xx_dma.o(.text)
    arm_cmplx_mag_f32                        0x08004529   Thumb Code   236  arm_cmplx_mag_f32.o(.text)
    arm_radix4_butterfly_f32                 0x08004619   Thumb Code   800  arm_cfft_radix4_f32.o(.text)
    arm_radix4_butterfly_inverse_f32         0x08004939   Thumb Code   836  arm_cfft_radix4_f32.o(.text)
    arm_cfft_radix4_f32                      0x08004c7d   Thumb Code    60  arm_cfft_radix4_f32.o(.text)
    arm_cfft_radix4_init_f32                 0x08004cb9   Thumb Code   146  arm_cfft_radix4_init_f32.o(.text)
    arm_bitreversal_f32                      0x08004d79   Thumb Code   178  arm_bitreversal.o(.text)
    arm_bitreversal_q31                      0x08004e2b   Thumb Code   180  arm_bitreversal.o(.text)
    arm_bitreversal_q15                      0x08004edf   Thumb Code   128  arm_bitreversal.o(.text)
    __use_no_semihosting                     0x08004f5f   Thumb Code     2  use_no_semi_2.o(.text)
    __2printf                                0x08004f61   Thumb Code    20  noretval__2printf.o(.text)
    __2sprintf                               0x08004f79   Thumb Code    34  noretval__2sprintf.o(.text)
    _printf_int_dec                          0x08004fa1   Thumb Code   104  _printf_dec.o(.text)
    _printf_int_hex                          0x08005019   Thumb Code    84  _printf_hex_int.o(.text)
    _printf_longlong_hex                     0x08005019   Thumb Code     0  _printf_hex_int.o(.text)
    __printf                                 0x08005071   Thumb Code   308  __printf_flags_wp.o(.text)
    __use_two_region_memory                  0x080051a9   Thumb Code     2  heapauxi.o(.text)
    __rt_heap_escrow$2region                 0x080051ab   Thumb Code     2  heapauxi.o(.text)
    __rt_heap_expand$2region                 0x080051ad   Thumb Code     2  heapauxi.o(.text)
    __I$use$semihosting                      0x080051af   Thumb Code     0  use_no_semi.o(.text)
    __use_no_semihosting_swi                 0x080051af   Thumb Code     2  use_no_semi.o(.text)
    _printf_int_common                       0x080051b1   Thumb Code   178  _printf_intcommon.o(.text)
    __lib_sel_fp_printf                      0x08005263   Thumb Code     2  _printf_fp_dec.o(.text)
    _printf_fp_dec_real                      0x08005411   Thumb Code   620  _printf_fp_dec.o(.text)
    _printf_char_common                      0x08005687   Thumb Code    32  _printf_char_common.o(.text)
    _sputc                                   0x080056ad   Thumb Code    10  _sputc.o(.text)
    _printf_char_file                        0x080056b9   Thumb Code    32  _printf_char_file.o(.text)
    __rt_locale                              0x080056dd   Thumb Code     8  rt_locale_intlibspace.o(.text)
    _ll_udiv10                               0x080056e5   Thumb Code   138  lludiv10.o(.text)
    _printf_fp_infnan                        0x08005771   Thumb Code   112  _printf_fp_infnan.o(.text)
    _btod_etento                             0x080057f1   Thumb Code   216  bigflt0.o(.text)
    ferror                                   0x080058cd   Thumb Code     8  ferror.o(.text)
    __user_libspace                          0x080058d5   Thumb Code     8  libspace.o(.text)
    __user_perproc_libspace                  0x080058d5   Thumb Code     0  libspace.o(.text)
    __user_perthread_libspace                0x080058d5   Thumb Code     0  libspace.o(.text)
    __user_setup_stackheap                   0x080058dd   Thumb Code    74  sys_stackheap_outer.o(.text)
    exit                                     0x08005927   Thumb Code    12  exit.o(.text)
    strcmp                                   0x08005935   Thumb Code   128  strcmpv7m.o(.text)
    _btod_d2e                                0x080059b5   Thumb Code    62  btod.o(CL$$btod_d2e)
    _d2e_denorm_low                          0x080059f3   Thumb Code    70  btod.o(CL$$btod_d2e_denorm_low)
    _d2e_norm_op1                            0x08005a39   Thumb Code    96  btod.o(CL$$btod_d2e_norm_op1)
    __btod_div_common                        0x08005a99   Thumb Code   696  btod.o(CL$$btod_div_common)
    _e2e                                     0x08005dd1   Thumb Code   198  btod.o(CL$$btod_e2e)
    _btod_ediv                               0x08005e97   Thumb Code    40  btod.o(CL$$btod_ediv)
    _btod_emul                               0x08005ebf   Thumb Code    40  btod.o(CL$$btod_emul)
    __btod_mult_common                       0x08005ee7   Thumb Code   580  btod.o(CL$$btod_mult_common)
    __ARM_fpclassify                         0x0800612b   Thumb Code    48  fpclassify.o(i.__ARM_fpclassify)
    _is_digit                                0x0800615b   Thumb Code    14  __printf_wp.o(i._is_digit)
    _get_lc_numeric                          0x08006169   Thumb Code    44  lc_numeric_c.o(locale$$code)
    __aeabi_dadd                             0x08006195   Thumb Code     0  daddsub_clz.o(x$fpl$dadd)
    _dadd                                    0x08006195   Thumb Code   332  daddsub_clz.o(x$fpl$dadd)
    __aeabi_d2uiz                            0x080062e5   Thumb Code     0  dfixu.o(x$fpl$dfixu)
    _dfixu                                   0x080062e5   Thumb Code    90  dfixu.o(x$fpl$dfixu)
    __aeabi_ui2d                             0x0800633f   Thumb Code     0  dflt_clz.o(x$fpl$dfltu)
    _dfltu                                   0x0800633f   Thumb Code    38  dflt_clz.o(x$fpl$dfltu)
    __aeabi_dmul                             0x08006365   Thumb Code     0  dmul.o(x$fpl$dmul)
    _dmul                                    0x08006365   Thumb Code   332  dmul.o(x$fpl$dmul)
    __fpl_dnaninf                            0x080064b9   Thumb Code   156  dnaninf.o(x$fpl$dnaninf)
    __fpl_dretinf                            0x08006555   Thumb Code    12  dretinf.o(x$fpl$dretinf)
    __aeabi_drsub                            0x08006561   Thumb Code     0  daddsub_clz.o(x$fpl$drsb)
    _drsb                                    0x08006561   Thumb Code    22  daddsub_clz.o(x$fpl$drsb)
    __aeabi_dsub                             0x08006579   Thumb Code     0  daddsub_clz.o(x$fpl$dsub)
    _dsub                                    0x08006579   Thumb Code   464  daddsub_clz.o(x$fpl$dsub)
    __aeabi_f2d                              0x0800674d   Thumb Code     0  f2d.o(x$fpl$f2d)
    _f2d                                     0x0800674d   Thumb Code    86  f2d.o(x$fpl$f2d)
    __fpl_fnaninf                            0x080067a3   Thumb Code   140  fnaninf.o(x$fpl$fnaninf)
    _fp_init                                 0x0800682f   Thumb Code    10  fpinit.o(x$fpl$fpinit)
    __fplib_config_fpu_vfp                   0x08006837   Thumb Code     0  fpinit.o(x$fpl$fpinit)
    __fplib_config_pureend_doubles           0x08006837   Thumb Code     0  fpinit.o(x$fpl$fpinit)
    _printf_fp_dec                           0x08006839   Thumb Code     4  printf1.o(x$fpl$printf1)
    ASCII_3216_Table                         0x0800683c   Data        6080  lcd_fonts.o(.constdata)
    __I$use$fp                               0x0800683c   Number         0  usenofp.o(x$fpl$usenofp)
    ASCII_2412_Table                         0x08007ffc   Data        4560  lcd_fonts.o(.constdata)
    ASCII_2010_Table                         0x080091cc   Data        3800  lcd_fonts.o(.constdata)
    ASCII_1608_Table                         0x0800a0a4   Data        1520  lcd_fonts.o(.constdata)
    ASCII_1206_Table                         0x0800a694   Data        1140  lcd_fonts.o(.constdata)
    ASCII_hz_Table                           0x0800ab08   Data         512  lcd_fonts.o(.constdata)
    FSMC_DefaultTimingStruct                 0x0800ad08   Data          28  stm32f4xx_fsmc.o(.constdata)
    armBitRevTable                           0x0800ad24   Data        2048  arm_common_tables.o(.constdata)
    twiddleCoef_4096                         0x0800b524   Data       32768  arm_common_tables.o(.constdata)
    Region$$Table$$Base                      0x080135f4   Number         0  anon$$obj.o(Region$$Table)
    Region$$Table$$Limit                     0x08013614   Number         0  anon$$obj.o(Region$$Table)
    timeout                                  0x20000000   Data           1  main.o(.data)
    hc                                       0x20000002   Data           2  main.o(.data)
    SystemCoreClock                          0x20000004   Data           4  system_stm32f4xx.o(.data)
    AHBPrescTable                            0x20000008   Data          16  system_stm32f4xx.o(.data)
    Font32                                   0x2000001c   Data          12  lcd_fonts.o(.data)
    Font24                                   0x20000028   Data          12  lcd_fonts.o(.data)
    Font20                                   0x20000034   Data          12  lcd_fonts.o(.data)
    Font16                                   0x20000040   Data          12  lcd_fonts.o(.data)
    Font12                                   0x2000004c   Data          12  lcd_fonts.o(.data)
    Fonthz                                   0x20000058   Data          12  lcd_fonts.o(.data)
    __stdout                                 0x20000068   Data           4  usart.o(.data)
    USART_RX_STA                             0x2000006c   Data           2  usart.o(.data)
    fft_inputbuf                             0x20000080   Data       32768  main.o(.bss)
    fft_outputbuf                            0x20008080   Data       16384  main.o(.bss)
    LCD                                      0x2000c080   Data          20  lcd_3.5tft.o(.bss)
    ADC_ConvertedValue                       0x2000c094   Data        8192  dma.o(.bss)
    USART_RX_BUF                             0x2000e094   Data         200  usart.o(.bss)
    __libspace_start                         0x2000e15c   Data          96  libspace.o(.bss)
    __temporary_stack_top$libspace           0x2000e1bc   Data           0  libspace.o(.bss)



==============================================================================

Memory Map of the image

  Image Entry point : 0x08000189

  Load Region LR_IROM1 (Base: 0x08000000, Size: 0x000136b0, Max: 0x00080000, ABSOLUTE)

    Execution Region ER_IROM1 (Base: 0x08000000, Size: 0x00013630, Max: 0x00080000, ABSOLUTE)

    Base Addr    Size         Type   Attr      Idx    E Section Name        Object

    0x08000000   0x00000188   Data   RO          494    RESET               startup_stm32f40_41xxx.o
    0x08000188   0x00000008   Code   RO          927  * !!!main             c_w.l(__main.o)
    0x08000190   0x00000034   Code   RO         1174    !!!scatter          c_w.l(__scatter.o)
    0x080001c4   0x0000001a   Code   RO         1176    !!handler_copy      c_w.l(__scatter_copy.o)
    0x080001de   0x00000002   PAD
    0x080001e0   0x0000001c   Code   RO         1178    !!handler_zi        c_w.l(__scatter_zi.o)
    0x080001fc   0x00000000   Code   RO          924    .ARM.Collect$$_printf_percent$$00000000  c_w.l(_printf_percent.o)
    0x080001fc   0x00000006   Code   RO          923    .ARM.Collect$$_printf_percent$$00000003  c_w.l(_printf_f.o)
    0x08000202   0x00000006   Code   RO          922    .ARM.Collect$$_printf_percent$$00000009  c_w.l(_printf_d.o)
    0x08000208   0x00000006   Code   RO          921    .ARM.Collect$$_printf_percent$$0000000C  c_w.l(_printf_x.o)
    0x0800020e   0x00000004   Code   RO          968    .ARM.Collect$$_printf_percent$$00000017  c_w.l(_printf_percent_end.o)
    0x08000212   0x00000002   Code   RO         1052    .ARM.Collect$$libinit$$00000000  c_w.l(libinit.o)
    0x08000214   0x00000004   Code   RO         1053    .ARM.Collect$$libinit$$00000001  c_w.l(libinit2.o)
    0x08000218   0x00000000   Code   RO         1056    .ARM.Collect$$libinit$$00000004  c_w.l(libinit2.o)
    0x08000218   0x00000000   Code   RO         1059    .ARM.Collect$$libinit$$0000000A  c_w.l(libinit2.o)
    0x08000218   0x00000000   Code   RO         1061    .ARM.Collect$$libinit$$0000000C  c_w.l(libinit2.o)
    0x08000218   0x00000000   Code   RO         1063    .ARM.Collect$$libinit$$0000000E  c_w.l(libinit2.o)
    0x08000218   0x00000006   Code   RO         1064    .ARM.Collect$$libinit$$0000000F  c_w.l(libinit2.o)
    0x0800021e   0x00000000   Code   RO         1066    .ARM.Collect$$libinit$$00000011  c_w.l(libinit2.o)
    0x0800021e   0x00000000   Code   RO         1068    .ARM.Collect$$libinit$$00000013  c_w.l(libinit2.o)
    0x0800021e   0x00000000   Code   RO         1070    .ARM.Collect$$libinit$$00000015  c_w.l(libinit2.o)
    0x0800021e   0x0000000a   Code   RO         1071    .ARM.Collect$$libinit$$00000016  c_w.l(libinit2.o)
    0x08000228   0x00000000   Code   RO         1072    .ARM.Collect$$libinit$$00000017  c_w.l(libinit2.o)
    0x08000228   0x00000000   Code   RO         1074    .ARM.Collect$$libinit$$00000019  c_w.l(libinit2.o)
    0x08000228   0x00000000   Code   RO         1076    .ARM.Collect$$libinit$$0000001B  c_w.l(libinit2.o)
    0x08000228   0x00000000   Code   RO         1078    .ARM.Collect$$libinit$$0000001D  c_w.l(libinit2.o)
    0x08000228   0x00000000   Code   RO         1080    .ARM.Collect$$libinit$$0000001F  c_w.l(libinit2.o)
    0x08000228   0x00000000   Code   RO         1082    .ARM.Collect$$libinit$$00000021  c_w.l(libinit2.o)
    0x08000228   0x00000000   Code   RO         1084    .ARM.Collect$$libinit$$00000023  c_w.l(libinit2.o)
    0x08000228   0x00000000   Code   RO         1086    .ARM.Collect$$libinit$$00000025  c_w.l(libinit2.o)
    0x08000228   0x00000000   Code   RO         1090    .ARM.Collect$$libinit$$0000002C  c_w.l(libinit2.o)
    0x08000228   0x00000000   Code   RO         1092    .ARM.Collect$$libinit$$0000002E  c_w.l(libinit2.o)
    0x08000228   0x00000000   Code   RO         1094    .ARM.Collect$$libinit$$00000030  c_w.l(libinit2.o)
    0x08000228   0x00000000   Code   RO         1096    .ARM.Collect$$libinit$$00000032  c_w.l(libinit2.o)
    0x08000228   0x00000002   Code   RO         1097    .ARM.Collect$$libinit$$00000033  c_w.l(libinit2.o)
    0x0800022a   0x00000002   Code   RO         1125    .ARM.Collect$$libshutdown$$00000000  c_w.l(libshutdown.o)
    0x0800022c   0x00000000   Code   RO         1135    .ARM.Collect$$libshutdown$$00000003  c_w.l(libshutdown2.o)
    0x0800022c   0x00000000   Code   RO         1138    .ARM.Collect$$libshutdown$$00000006  c_w.l(libshutdown2.o)
    0x0800022c   0x00000000   Code   RO         1141    .ARM.Collect$$libshutdown$$00000009  c_w.l(libshutdown2.o)
    0x0800022c   0x00000000   Code   RO         1143    .ARM.Collect$$libshutdown$$0000000B  c_w.l(libshutdown2.o)
    0x0800022c   0x00000000   Code   RO         1146    .ARM.Collect$$libshutdown$$0000000E  c_w.l(libshutdown2.o)
    0x0800022c   0x00000002   Code   RO         1147    .ARM.Collect$$libshutdown$$0000000F  c_w.l(libshutdown2.o)
    0x0800022e   0x00000000   Code   RO          957    .ARM.Collect$$rtentry$$00000000  c_w.l(__rtentry.o)
    0x0800022e   0x00000000   Code   RO          977    .ARM.Collect$$rtentry$$00000002  c_w.l(__rtentry2.o)
    0x0800022e   0x00000006   Code   RO          989    .ARM.Collect$$rtentry$$00000004  c_w.l(__rtentry4.o)
    0x08000234   0x00000000   Code   RO          979    .ARM.Collect$$rtentry$$00000009  c_w.l(__rtentry2.o)
    0x08000234   0x00000004   Code   RO          980    .ARM.Collect$$rtentry$$0000000A  c_w.l(__rtentry2.o)
    0x08000238   0x00000000   Code   RO          982    .ARM.Collect$$rtentry$$0000000C  c_w.l(__rtentry2.o)
    0x08000238   0x00000008   Code   RO          983    .ARM.Collect$$rtentry$$0000000D  c_w.l(__rtentry2.o)
    0x08000240   0x00000002   Code   RO         1098    .ARM.Collect$$rtexit$$00000000  c_w.l(rtexit.o)
    0x08000242   0x00000000   Code   RO         1105    .ARM.Collect$$rtexit$$00000002  c_w.l(rtexit2.o)
    0x08000242   0x00000004   Code   RO         1106    .ARM.Collect$$rtexit$$00000003  c_w.l(rtexit2.o)
    0x08000246   0x00000006   Code   RO         1107    .ARM.Collect$$rtexit$$00000004  c_w.l(rtexit2.o)
    0x0800024c   0x00000328   Code   RO            3    .text               main.o
    0x08000574   0x0000001a   Code   RO          184    .text               stm32f4xx_it.o
    0x0800058e   0x00000002   PAD
    0x08000590   0x00000210   Code   RO          233    .text               system_stm32f4xx.o
    0x080007a0   0x00000040   Code   RO          259    .text               led.o
    0x080007e0   0x00000084   Code   RO          279    .text               timer.o
    0x08000864   0x000002b0   Code   RO          300    .text               ble_key.o
    0x08000b14   0x00000de0   Code   RO          320    .text               lcd_3.5tft.o
    0x080018f4   0x000000a0   Code   RO          357    .text               adc.o
    0x08001994   0x00000068   Code   RO          397    .text               dma.o
    0x080019fc   0x00000104   Code   RO          423    .text               delay.o
    0x08001b00   0x0000014c   Code   RO          463    .text               usart.o
    0x08001c4c   0x00000040   Code   RO          495    .text               startup_stm32f40_41xxx.o
    0x08001c8c   0x000000e0   Code   RO          501    .text               misc.o
    0x08001d6c   0x00000294   Code   RO          521    .text               stm32f4xx_gpio.o
    0x08002000   0x000005c8   Code   RO          541    .text               stm32f4xx_fsmc.o
    0x080025c8   0x0000065c   Code   RO          564    .text               stm32f4xx_rcc.o
    0x08002c24   0x00000454   Code   RO          606    .text               stm32f4xx_usart.o
    0x08003078   0x00000ca2   Code   RO          626    .text               stm32f4xx_tim.o
    0x08003d1a   0x00000002   PAD
    0x08003d1c   0x00000464   Code   RO          646    .text               stm32f4xx_adc.o
    0x08004180   0x000003a8   Code   RO          686    .text               stm32f4xx_dma.o
    0x08004528   0x000000f0   Code   RO          706    .text               arm_cortexM4lf_math.lib(arm_cmplx_mag_f32.o)
    0x08004618   0x000006a0   Code   RO          751    .text               arm_cortexM4lf_math.lib(arm_cfft_radix4_f32.o)
    0x08004cb8   0x000000c0   Code   RO          771    .text               arm_cortexM4lf_math.lib(arm_cfft_radix4_init_f32.o)
    0x08004d78   0x000001e6   Code   RO          795    .text               arm_cortexM4lf_math.lib(arm_bitreversal.o)
    0x08004f5e   0x00000002   Code   RO          866    .text               c_w.l(use_no_semi_2.o)
    0x08004f60   0x00000018   Code   RO          872    .text               c_w.l(noretval__2printf.o)
    0x08004f78   0x00000028   Code   RO          874    .text               c_w.l(noretval__2sprintf.o)
    0x08004fa0   0x00000078   Code   RO          878    .text               c_w.l(_printf_dec.o)
    0x08005018   0x00000058   Code   RO          883    .text               c_w.l(_printf_hex_int.o)
    0x08005070   0x00000138   Code   RO          913    .text               c_w.l(__printf_flags_wp.o)
    0x080051a8   0x00000006   Code   RO          925    .text               c_w.l(heapauxi.o)
    0x080051ae   0x00000002   Code   RO          955    .text               c_w.l(use_no_semi.o)
    0x080051b0   0x000000b2   Code   RO          958    .text               c_w.l(_printf_intcommon.o)
    0x08005262   0x0000041a   Code   RO          960    .text               c_w.l(_printf_fp_dec.o)
    0x0800567c   0x00000030   Code   RO          962    .text               c_w.l(_printf_char_common.o)
    0x080056ac   0x0000000a   Code   RO          964    .text               c_w.l(_sputc.o)
    0x080056b6   0x00000002   PAD
    0x080056b8   0x00000024   Code   RO          966    .text               c_w.l(_printf_char_file.o)
    0x080056dc   0x00000008   Code   RO          994    .text               c_w.l(rt_locale_intlibspace.o)
    0x080056e4   0x0000008a   Code   RO          996    .text               c_w.l(lludiv10.o)
    0x0800576e   0x00000002   PAD
    0x08005770   0x00000080   Code   RO          998    .text               c_w.l(_printf_fp_infnan.o)
    0x080057f0   0x000000dc   Code   RO         1002    .text               c_w.l(bigflt0.o)
    0x080058cc   0x00000008   Code   RO         1027    .text               c_w.l(ferror.o)
    0x080058d4   0x00000008   Code   RO         1038    .text               c_w.l(libspace.o)
    0x080058dc   0x0000004a   Code   RO         1041    .text               c_w.l(sys_stackheap_outer.o)
    0x08005926   0x0000000c   Code   RO         1043    .text               c_w.l(exit.o)
    0x08005932   0x00000002   PAD
    0x08005934   0x00000080   Code   RO         1045    .text               c_w.l(strcmpv7m.o)
    0x080059b4   0x0000003e   Code   RO         1005    CL$$btod_d2e        c_w.l(btod.o)
    0x080059f2   0x00000046   Code   RO         1007    CL$$btod_d2e_denorm_low  c_w.l(btod.o)
    0x08005a38   0x00000060   Code   RO         1006    CL$$btod_d2e_norm_op1  c_w.l(btod.o)
    0x08005a98   0x00000338   Code   RO         1015    CL$$btod_div_common  c_w.l(btod.o)
    0x08005dd0   0x000000c6   Code   RO         1012    CL$$btod_e2e        c_w.l(btod.o)
    0x08005e96   0x00000028   Code   RO         1009    CL$$btod_ediv       c_w.l(btod.o)
    0x08005ebe   0x00000028   Code   RO         1008    CL$$btod_emul       c_w.l(btod.o)
    0x08005ee6   0x00000244   Code   RO         1014    CL$$btod_mult_common  c_w.l(btod.o)
    0x0800612a   0x00000030   Code   RO         1036    i.__ARM_fpclassify  m_wm.l(fpclassify.o)
    0x0800615a   0x0000000e   Code   RO          911    i._is_digit         c_w.l(__printf_wp.o)
    0x08006168   0x0000002c   Code   RO         1032    locale$$code        c_w.l(lc_numeric_c.o)
    0x08006194   0x00000150   Code   RO          929    x$fpl$dadd          fz_wm.l(daddsub_clz.o)
    0x080062e4   0x0000005a   Code   RO          939    x$fpl$dfixu         fz_wm.l(dfixu.o)
    0x0800633e   0x00000026   Code   RO          943    x$fpl$dfltu         fz_wm.l(dflt_clz.o)
    0x08006364   0x00000154   Code   RO          949    x$fpl$dmul          fz_wm.l(dmul.o)
    0x080064b8   0x0000009c   Code   RO          969    x$fpl$dnaninf       fz_wm.l(dnaninf.o)
    0x08006554   0x0000000c   Code   RO          971    x$fpl$dretinf       fz_wm.l(dretinf.o)
    0x08006560   0x00000016   Code   RO          930    x$fpl$drsb          fz_wm.l(daddsub_clz.o)
    0x08006576   0x00000002   PAD
    0x08006578   0x000001d4   Code   RO          931    x$fpl$dsub          fz_wm.l(daddsub_clz.o)
    0x0800674c   0x00000056   Code   RO          951    x$fpl$f2d           fz_wm.l(f2d.o)
    0x080067a2   0x0000008c   Code   RO          973    x$fpl$fnaninf       fz_wm.l(fnaninf.o)
    0x0800682e   0x0000000a   Code   RO         1102    x$fpl$fpinit        fz_wm.l(fpinit.o)
    0x08006838   0x00000004   Code   RO          953    x$fpl$printf1       fz_wm.l(printf1.o)
    0x0800683c   0x00000000   Code   RO          975    x$fpl$usenofp       fz_wm.l(usenofp.o)
    0x0800683c   0x000044cc   Data   RO          342    .constdata          lcd_fonts.o
    0x0800ad08   0x0000001c   Data   RO          542    .constdata          stm32f4xx_fsmc.o
    0x0800ad24   0x00000800   Data   RO          815    .constdata          arm_cortexM4lf_math.lib(arm_common_tables.o)
    0x0800b524   0x00008000   Data   RO          824    .constdata          arm_cortexM4lf_math.lib(arm_common_tables.o)
    0x08013524   0x00000028   Data   RO          884    .constdata          c_w.l(_printf_hex_int.o)
    0x0801354c   0x00000011   Data   RO          914    .constdata          c_w.l(__printf_flags_wp.o)
    0x0801355d   0x00000003   PAD
    0x08013560   0x00000094   Data   RO         1003    .constdata          c_w.l(bigflt0.o)
    0x080135f4   0x00000020   Data   RO         1172    Region$$Table       anon$$obj.o
    0x08013614   0x0000001c   Data   RO         1031    locale$$data        c_w.l(lc_numeric_c.o)


    Execution Region RW_IRAM1 (Base: 0x20000000, Size: 0x0000e7c0, Max: 0x00020000, ABSOLUTE)

    Base Addr    Size         Type   Attr      Idx    E Section Name        Object

    0x20000000   0x00000004   Data   RW            5    .data               main.o
    0x20000004   0x00000014   Data   RW          234    .data               system_stm32f4xx.o
    0x20000018   0x00000004   Data   RW          322    .data               lcd_3.5tft.o
    0x2000001c   0x00000048   Data   RW          343    .data               lcd_fonts.o
    0x20000064   0x00000004   Data   RW          424    .data               delay.o
    0x20000068   0x00000006   Data   RW          465    .data               usart.o
    0x2000006e   0x00000010   Data   RW          565    .data               stm32f4xx_rcc.o
    0x2000007e   0x00000002   PAD
    0x20000080   0x0000c000   Zero   RW            4    .bss                main.o
    0x2000c080   0x00000014   Zero   RW          321    .bss                lcd_3.5tft.o
    0x2000c094   0x00002000   Zero   RW          398    .bss                dma.o
    0x2000e094   0x000000c8   Zero   RW          464    .bss                usart.o
    0x2000e15c   0x00000060   Zero   RW         1039    .bss                c_w.l(libspace.o)
    0x2000e1bc   0x00000004   PAD
    0x2000e1c0   0x00000200   Zero   RW          493    HEAP                startup_stm32f40_41xxx.o
    0x2000e3c0   0x00000400   Zero   RW          492    STACK               startup_stm32f40_41xxx.o


==============================================================================

Image component sizes


      Code (inc. data)   RO Data    RW Data    ZI Data      Debug   Object Name

       160          8          0          0          0        813   adc.o
       688          4          0          0          0       1437   ble_key.o
       260          8          0          4          0       1465   delay.o
       104         12          0          0       8192       1155   dma.o
      3552         76          0          4         20       9681   lcd_3.5tft.o
         0          0      17612         72          0       1464   lcd_fonts.o
        64          4          0          0          0        539   led.o
       808         80          0          4      49152     331453   main.o
       224         20          0          0          0       1845   misc.o
        64         26        392          0       1536        848   startup_stm32f40_41xxx.o
      1124         24          0          0          0      10522   stm32f4xx_adc.o
       936         32          0          0          0       6321   stm32f4xx_dma.o
      1480         18         28          0          0       5658   stm32f4xx_fsmc.o
       660         44          0          0          0       4121   stm32f4xx_gpio.o
        26          0          0          0          0       1238   stm32f4xx_it.o
      1628         52          0         16          0      12924   stm32f4xx_rcc.o
      3234         60          0          0          0      22328   stm32f4xx_tim.o
      1108         34          0          0          0       7824   stm32f4xx_usart.o
       528         46          0         20          0       1819   system_stm32f4xx.o
       132         10          0          0          0        820   timer.o
       332         18          0          6        200       3358   usart.o

    ----------------------------------------------------------------------
     17116        576      18064        128      59100     427633   Object Totals
         0          0         32          0          0          0   (incl. Generated)
         4          0          0          2          0          0   (incl. Padding)

    ----------------------------------------------------------------------

      Code (inc. data)   RO Data    RW Data    ZI Data      Debug   Library Member Name

       486          0          0          0          0       2210   arm_bitreversal.o
      1696          0          0          0          0       4744   arm_cfft_radix4_f32.o
       192         46          0          0          0        767   arm_cfft_radix4_init_f32.o
       240          4          0          0          0      16312   arm_cmplx_mag_f32.o
         0          0      34816          0          0       2517   arm_common_tables.o
         8          0          0          0          0         68   __main.o
       312          4         17          0          0         92   __printf_flags_wp.o
        14          0          0          0          0         68   __printf_wp.o
         0          0          0          0          0          0   __rtentry.o
        12          0          0          0          0          0   __rtentry2.o
         6          0          0          0          0          0   __rtentry4.o
        52          8          0          0          0          0   __scatter.o
        26          0          0          0          0          0   __scatter_copy.o
        28          0          0          0          0          0   __scatter_zi.o
        48          6          0          0          0         96   _printf_char_common.o
        36          4          0          0          0         80   _printf_char_file.o
         6          0          0          0          0          0   _printf_d.o
       120         16          0          0          0         92   _printf_dec.o
         6          0          0          0          0          0   _printf_f.o
      1050          0          0          0          0        216   _printf_fp_dec.o
       128         16          0          0          0         84   _printf_fp_infnan.o
        88          4         40          0          0         88   _printf_hex_int.o
       178          0          0          0          0         88   _printf_intcommon.o
         0          0          0          0          0          0   _printf_percent.o
         4          0          0          0          0          0   _printf_percent_end.o
         6          0          0          0          0          0   _printf_x.o
        10          0          0          0          0         68   _sputc.o
       220          4        148          0          0         96   bigflt0.o
      1910        128          0          0          0        672   btod.o
        12          0          0          0          0         72   exit.o
         8          0          0          0          0         68   ferror.o
         6          0          0          0          0        152   heapauxi.o
        44         10         28          0          0         76   lc_numeric_c.o
         2          0          0          0          0          0   libinit.o
        22          0          0          0          0          0   libinit2.o
         2          0          0          0          0          0   libshutdown.o
         2          0          0          0          0          0   libshutdown2.o
         8          4          0          0         96         68   libspace.o
       138          0          0          0          0         80   lludiv10.o
        24          4          0          0          0         84   noretval__2printf.o
        40          6          0          0          0         84   noretval__2sprintf.o
         8          4          0          0          0         68   rt_locale_intlibspace.o
         2          0          0          0          0          0   rtexit.o
        10          0          0          0          0          0   rtexit2.o
       128          0          0          0          0         68   strcmpv7m.o
        74          0          0          0          0         80   sys_stackheap_outer.o
         2          0          0          0          0         68   use_no_semi.o
         2          0          0          0          0         68   use_no_semi_2.o
       826         16          0          0          0        492   daddsub_clz.o
        90          4          0          0          0        140   dfixu.o
        38          0          0          0          0        116   dflt_clz.o
       340         12          0          0          0        152   dmul.o
       156          4          0          0          0        140   dnaninf.o
        12          0          0          0          0        116   dretinf.o
        86          4          0          0          0        132   f2d.o
       140          4          0          0          0        132   fnaninf.o
        10          0          0          0          0        116   fpinit.o
         4          0          0          0          0        116   printf1.o
         0          0          0          0          0          0   usenofp.o
        48          0          0          0          0        124   fpclassify.o

    ----------------------------------------------------------------------
      9176        312      35052          0        100      31170   Library Totals
        10          0          3          0          4          0   (incl. Padding)

    ----------------------------------------------------------------------

      Code (inc. data)   RO Data    RW Data    ZI Data      Debug   Library Name

      2614         50      34816          0          0      26550   arm_cortexM4lf_math.lib
      4802        218        233          0         96       2844   c_w.l
      1702         44          0          0          0       1652   fz_wm.l
        48          0          0          0          0        124   m_wm.l

    ----------------------------------------------------------------------
      9176        312      35052          0        100      31170   Library Totals

    ----------------------------------------------------------------------

==============================================================================


      Code (inc. data)   RO Data    RW Data    ZI Data      Debug   

     26292        888      53116        128      59200     451643   Grand Totals
     26292        888      53116        128      59200     451643   ELF Image Totals
     26292        888      53116        128          0          0   ROM Totals

==============================================================================

    Total RO  Size (Code + RO Data)                79408 (  77.55kB)
    Total RW  Size (RW Data + ZI Data)             59328 (  57.94kB)
    Total ROM Size (Code + RO Data + RW Data)      79536 (  77.67kB)

==============================================================================

